Component: ARM Compiler 5.06 update 5 (build 528) Tool: armlink [4d35e2]

==============================================================================

Section Cross References

    startup_stm32f40xx.o(RESET) refers to startup_stm32f40xx.o(STACK) for __initial_sp
    startup_stm32f40xx.o(RESET) refers to startup_stm32f40xx.o(.text) for Reset_Handler
    startup_stm32f40xx.o(RESET) refers to stm32f4xx_it.o(i.NMI_Handler) for NMI_Handler
    startup_stm32f40xx.o(RESET) refers to stm32f4xx_it.o(i.HardFault_Handler) for HardFault_Handler
    startup_stm32f40xx.o(RESET) refers to stm32f4xx_it.o(i.MemManage_Handler) for MemManage_Handler
    startup_stm32f40xx.o(RESET) refers to stm32f4xx_it.o(i.BusFault_Handler) for BusFault_Handler
    startup_stm32f40xx.o(RESET) refers to stm32f4xx_it.o(i.UsageFault_Handler) for UsageFault_Handler
    startup_stm32f40xx.o(RESET) refers to stm32f4xx_it.o(i.SVC_Handler) for SVC_Handler
    startup_stm32f40xx.o(RESET) refers to stm32f4xx_it.o(i.DebugMon_Handler) for DebugMon_Handler
    startup_stm32f40xx.o(RESET) refers to os_cpu_a.o(CODE) for OS_CPU_PendSVHandler
    startup_stm32f40xx.o(RESET) refers to os_cpu_c.o(i.OS_CPU_SysTickHandler) for OS_CPU_SysTickHandler
    startup_stm32f40xx.o(RESET) refers to stm32f4xx_it.o(i.USART1_IRQHandler) for USART1_IRQHandler
    startup_stm32f40xx.o(.text) refers to system_stm32f4xx.o(i.SystemInit) for SystemInit
    startup_stm32f40xx.o(.text) refers to entry.o(.ARM.Collect$$$$00000000) for __main
    system_stm32f4xx.o(i.SystemCoreClockUpdate) refers to system_stm32f4xx.o(.data) for .data
    system_stm32f4xx.o(i.SystemInit) refers to system_stm32f4xx.o(i.SetSysClock) for SetSysClock
    stm32f4xx_adc.o(i.ADC_DeInit) refers to stm32f4xx_rcc.o(i.RCC_APB2PeriphResetCmd) for RCC_APB2PeriphResetCmd
    stm32f4xx_can.o(i.CAN_DeInit) refers to stm32f4xx_rcc.o(i.RCC_APB1PeriphResetCmd) for RCC_APB1PeriphResetCmd
    stm32f4xx_can.o(i.CAN_GetITStatus) refers to stm32f4xx_can.o(i.CheckITStatus) for CheckITStatus
    stm32f4xx_cryp.o(i.CRYP_DeInit) refers to stm32f4xx_rcc.o(i.RCC_AHB2PeriphResetCmd) for RCC_AHB2PeriphResetCmd
    stm32f4xx_cryp_aes.o(i.CRYP_AES_CBC) refers to stm32f4xx_cryp.o(i.CRYP_KeyStructInit) for CRYP_KeyStructInit
    stm32f4xx_cryp_aes.o(i.CRYP_AES_CBC) refers to stm32f4xx_cryp.o(i.CRYP_KeyInit) for CRYP_KeyInit
    stm32f4xx_cryp_aes.o(i.CRYP_AES_CBC) refers to stm32f4xx_cryp.o(i.CRYP_Init) for CRYP_Init
    stm32f4xx_cryp_aes.o(i.CRYP_AES_CBC) refers to stm32f4xx_cryp.o(i.CRYP_IVInit) for CRYP_IVInit
    stm32f4xx_cryp_aes.o(i.CRYP_AES_CBC) refers to stm32f4xx_cryp.o(i.CRYP_FIFOFlush) for CRYP_FIFOFlush
    stm32f4xx_cryp_aes.o(i.CRYP_AES_CBC) refers to stm32f4xx_cryp.o(i.CRYP_Cmd) for CRYP_Cmd
    stm32f4xx_cryp_aes.o(i.CRYP_AES_CBC) refers to stm32f4xx_cryp.o(i.CRYP_GetCmdStatus) for CRYP_GetCmdStatus
    stm32f4xx_cryp_aes.o(i.CRYP_AES_CBC) refers to stm32f4xx_cryp.o(i.CRYP_GetFlagStatus) for CRYP_GetFlagStatus
    stm32f4xx_cryp_aes.o(i.CRYP_AES_CBC) refers to stm32f4xx_cryp.o(i.CRYP_DataIn) for CRYP_DataIn
    stm32f4xx_cryp_aes.o(i.CRYP_AES_CBC) refers to stm32f4xx_cryp.o(i.CRYP_DataOut) for CRYP_DataOut
    stm32f4xx_cryp_aes.o(i.CRYP_AES_CCM) refers to stm32f4xx_cryp.o(i.CRYP_KeyStructInit) for CRYP_KeyStructInit
    stm32f4xx_cryp_aes.o(i.CRYP_AES_CCM) refers to stm32f4xx_cryp.o(i.CRYP_FIFOFlush) for CRYP_FIFOFlush
    stm32f4xx_cryp_aes.o(i.CRYP_AES_CCM) refers to stm32f4xx_cryp.o(i.CRYP_KeyInit) for CRYP_KeyInit
    stm32f4xx_cryp_aes.o(i.CRYP_AES_CCM) refers to stm32f4xx_cryp.o(i.CRYP_IVInit) for CRYP_IVInit
    stm32f4xx_cryp_aes.o(i.CRYP_AES_CCM) refers to stm32f4xx_cryp.o(i.CRYP_Init) for CRYP_Init
    stm32f4xx_cryp_aes.o(i.CRYP_AES_CCM) refers to stm32f4xx_cryp.o(i.CRYP_PhaseConfig) for CRYP_PhaseConfig
    stm32f4xx_cryp_aes.o(i.CRYP_AES_CCM) refers to stm32f4xx_cryp.o(i.CRYP_DataIn) for CRYP_DataIn
    stm32f4xx_cryp_aes.o(i.CRYP_AES_CCM) refers to stm32f4xx_cryp.o(i.CRYP_Cmd) for CRYP_Cmd
    stm32f4xx_cryp_aes.o(i.CRYP_AES_CCM) refers to stm32f4xx_cryp.o(i.CRYP_GetCmdStatus) for CRYP_GetCmdStatus
    stm32f4xx_cryp_aes.o(i.CRYP_AES_CCM) refers to stm32f4xx_cryp.o(i.CRYP_GetFlagStatus) for CRYP_GetFlagStatus
    stm32f4xx_cryp_aes.o(i.CRYP_AES_CCM) refers to stm32f4xx_cryp.o(i.CRYP_DataOut) for CRYP_DataOut
    stm32f4xx_cryp_aes.o(i.CRYP_AES_CTR) refers to stm32f4xx_cryp.o(i.CRYP_KeyStructInit) for CRYP_KeyStructInit
    stm32f4xx_cryp_aes.o(i.CRYP_AES_CTR) refers to stm32f4xx_cryp.o(i.CRYP_KeyInit) for CRYP_KeyInit
    stm32f4xx_cryp_aes.o(i.CRYP_AES_CTR) refers to stm32f4xx_cryp.o(i.CRYP_Init) for CRYP_Init
    stm32f4xx_cryp_aes.o(i.CRYP_AES_CTR) refers to stm32f4xx_cryp.o(i.CRYP_IVInit) for CRYP_IVInit
    stm32f4xx_cryp_aes.o(i.CRYP_AES_CTR) refers to stm32f4xx_cryp.o(i.CRYP_FIFOFlush) for CRYP_FIFOFlush
    stm32f4xx_cryp_aes.o(i.CRYP_AES_CTR) refers to stm32f4xx_cryp.o(i.CRYP_Cmd) for CRYP_Cmd
[...]
    handlers.s                               0x00000000   Number         0  handlers.o ABSOLUTE
    init.s                                   0x00000000   Number         0  init.o ABSOLUTE
    RESET                                    0x08000000   Section      392  startup_stm32f40xx.o(RESET)
    .ARM.Collect$$$$00000000                 0x08000188   Section        0  entry.o(.ARM.Collect$$$$00000000)
    .ARM.Collect$$$$00000001                 0x08000188   Section        4  entry2.o(.ARM.Collect$$$$00000001)
    .ARM.Collect$$$$00000004                 0x0800018c   Section        4  entry5.o(.ARM.Collect$$$$00000004)
    .ARM.Collect$$$$00000008                 0x08000190   Section        0  entry7b.o(.ARM.Collect$$$$00000008)
    .ARM.Collect$$$$0000000A                 0x08000190   Section        0  entry8b.o(.ARM.Collect$$$$0000000A)
    .ARM.Collect$$$$0000000B                 0x08000190   Section        8  entry9a.o(.ARM.Collect$$$$0000000B)
    .ARM.Collect$$$$0000000D                 0x08000198   Section        0  entry10a.o(.ARM.Collect$$$$0000000D)
    .ARM.Collect$$$$0000000F                 0x08000198   Section        0  entry11a.o(.ARM.Collect$$$$0000000F)
    .ARM.Collect$$$$00002712                 0x08000198   Section        4  entry2.o(.ARM.Collect$$$$00002712)
    __lit__00000000                          0x08000198   Data           4  entry2.o(.ARM.Collect$$$$00002712)
    .text                                    0x0800019c   Section       76  startup_stm32f40xx.o(.text)
    $v0                                      0x0800019c   Number         0  startup_stm32f40xx.o(.text)
    .text                                    0x080001e8   Section       52  cpu_a.o(.text)
    $v0                                      0x080001e8   Number         0  cpu_a.o(.text)
    .text                                    0x0800021c   Section       36  init.o(.text)
    CODE                                     0x08000240   Section      268  os_cpu_a.o(CODE)
    $v0                                      0x08000240   Number         0  os_cpu_a.o(CODE)
    i.AppTaskStart                           0x0800034c   Section        0  app.o(i.AppTaskStart)
    AppTaskStart                             0x0800034d   Thumb Code    58  app.o(i.AppTaskStart)
    i.BSP_CPU_ClkFreq                        0x0800038c   Section        0  bsp.o(i.BSP_CPU_ClkFreq)
    i.BSP_Init                               0x0800039a   Section        0  bsp.o(i.BSP_Init)
    i.BusFault_Handler                       0x080003a0   Section        0  stm32f4xx_it.o(i.BusFault_Handler)
    i.CPU_Init                               0x080003a2   Section        0  cpu_core.o(i.CPU_Init)
    i.CPU_NameClr                            0x080003b0   Section        0  cpu_core.o(i.CPU_NameClr)
    i.CPU_NameInit                           0x080003d0   Section        0  cpu_core.o(i.CPU_NameInit)
    CPU_NameInit                             0x080003d1   Thumb Code     4  cpu_core.o(i.CPU_NameInit)
    i.CPU_SW_Exception                       0x080003d4   Section        0  cpu_core.o(i.CPU_SW_Exception)
    i.CPU_TS_Init                            0x080003d8   Section        0  cpu_core.o(i.CPU_TS_Init)
    CPU_TS_Init                              0x080003d9   Thumb Code    10  cpu_core.o(i.CPU_TS_Init)
    i.CPU_TS_TmrFreqSet                      0x080003e8   Section        0  cpu_core.o(i.CPU_TS_TmrFreqSet)
    i.CPU_TS_TmrInit                         0x080003f4   Section        0  bsp.o(i.CPU_TS_TmrInit)
    i.CPU_TS_TmrRd                           0x08000424   Section        0  bsp.o(i.CPU_TS_TmrRd)
    i.DebugMon_Handler                       0x08000430   Section        0  stm32f4xx_it.o(i.DebugMon_Handler)
    i.GPIO_Init                              0x08000432   Section        0  stm32f4xx_gpio.o(i.GPIO_Init)
    i.GPIO_SetBits                           0x080004ae   Section        0  stm32f4xx_gpio.o(i.GPIO_SetBits)
    i.GPIO_ToggleBits                        0x080004b2   Section        0  stm32f4xx_gpio.o(i.GPIO_ToggleBits)
    i.HardFault_Handler                      0x080004ba   Section        0  stm32f4xx_it.o(i.HardFault_Handler)
    i.LED_Config                             0x080004bc   Section        0  led.o(i.LED_Config)
    i.LED_Lighting                           0x080004f8   Section        0  led.o(i.LED_Lighting)
    i.MemManage_Handler                      0x08000504   Section        0  stm32f4xx_it.o(i.MemManage_Handler)
    i.Mem_Clr                                0x08000506   Section        0  lib_mem.o(i.Mem_Clr)
    i.Mem_Init                               0x08000510   Section        0  lib_mem.o(i.Mem_Init)
    i.Mem_SegCreate                          0x08000554   Section        0  lib_mem.o(i.Mem_SegCreate)
    i.Mem_SegCreateCritical                  0x08000588   Section        0  lib_mem.o(i.Mem_SegCreateCritical)
    Mem_SegCreateCritical                    0x08000589   Thumb Code    24  lib_mem.o(i.Mem_SegCreateCritical)
    i.Mem_Set                                0x080005a4   Section        0  lib_mem.o(i.Mem_Set)
    i.NMI_Handler                            0x080005e2   Section        0  stm32f4xx_it.o(i.NMI_Handler)
    i.OSCfg_Init                             0x080005e4   Section        0  os_cfg_app.o(i.OSCfg_Init)
    i.OSIdleTaskHook                         0x080005e8   Section        0  os_cpu_c.o(i.OSIdleTaskHook)
    i.OSInit                                 0x080005f8   Section        0  os_core.o(i.OSInit)
    i.OSInitHook                             0x08000754   Section        0  os_cpu_c.o(i.OSInitHook)
    i.OSIntExit                              0x08000778   Section        0  os_core.o(i.OSIntExit)
    i.OSMutexCreate                          0x08000824   Section        0  os_mutex.o(i.OSMutexCreate)
    i.OSMutexPend                            0x0800087c   Section        0  os_mutex.o(i.OSMutexPend)
    i.OSMutexPost                            0x080009d4   Section        0  os_mutex.o(i.OSMutexPost)
    i.OSSched                                0x08000b14   Section        0  os_core.o(i.OSSched)
    i.OSSchedLock                            0x08000b90   Section        0  os_core.o(i.OSSchedLock)
    i.OSSchedUnlock                          0x08000bd8   Section        0  os_core.o(i.OSSchedUnlock)
    i.OSStart                                0x08000c34   Section        0  os_core.o(i.OSStart)
    i.OSStatReset                            0x08000c90   Section        0  os_stat.o(i.OSStatReset)
    i.OSStatTaskCPUUsageInit                 0x08000d48   Section        0  os_stat.o(i.OSStatTaskCPUUsageInit)
    i.OSStatTaskHook                         0x08000df4   Section        0  os_cpu_c.o(i.OSStatTaskHook)
    i.OSTaskCreate                           0x08000e04   Section        0  os_task.o(i.OSTaskCreate)
    i.OSTaskCreateHook                       0x08000f5c   Section        0  os_cpu_c.o(i.OSTaskCreateHook)
    i.OSTaskDel                              0x08000f6c   Section        0  os_task.o(i.OSTaskDel)
    i.OSTaskDelHook                          0x08001094   Section        0  os_cpu_c.o(i.OSTaskDelHook)
    i.OSTaskResume                           0x080010a4   Section        0  os_task.o(i.OSTaskResume)
    i.OSTaskReturnHook                       0x080010d8   Section        0  os_cpu_c.o(i.OSTaskReturnHook)
    i.OSTaskSemPend                          0x080010e8   Section        0  os_task.o(i.OSTaskSemPend)
    i.OSTaskSemPost                          0x08001210   Section        0  os_task.o(i.OSTaskSemPost)
    i.OSTaskStkChk                           0x08001240   Section        0  os_task.o(i.OSTaskStkChk)
    i.OSTaskStkInit                          0x080012d4   Section        0  os_cpu_c.o(i.OSTaskStkInit)
    i.OSTaskSuspend                          0x08001444   Section        0  os_task.o(i.OSTaskSuspend)
    i.OSTaskSwHook                           0x0800145c   Section        0  os_cpu_c.o(i.OSTaskSwHook)
    i.OSTimeDly                              0x080014d0   Section        0  os_time.o(i.OSTimeDly)
    i.OSTimeTick                             0x0800154c   Section        0  os_time.o(i.OSTimeTick)
    i.OSTimeTickHook                         0x0800158c   Section        0  os_cpu_c.o(i.OSTimeTickHook)
    i.OS_CPU_SysTickHandler                  0x0800159c   Section        0  os_cpu_c.o(i.OS_CPU_SysTickHandler)
    i.OS_CPU_SysTickInit                     0x080015c0   Section        0  os_cpu_c.o(i.OS_CPU_SysTickInit)
    i.OS_Dbg_Init                            0x080015e8   Section        0  os_dbg.o(i.OS_Dbg_Init)
    i.OS_FlagInit                            0x080015ec   Section        0  os_flag.o(i.OS_FlagInit)
    i.OS_IdleTask                            0x08001604   Section        0  os_core.o(i.OS_IdleTask)
    i.OS_IdleTaskInit                        0x0800162c   Section        0  os_core.o(i.OS_IdleTaskInit)
    i.OS_MemInit                             0x08001694   Section        0  os_mem.o(i.OS_MemInit)
    i.OS_MsgPoolInit                         0x080016ac   Section        0  os_msg.o(i.OS_MsgPoolInit)
    i.OS_MsgQFreeAll                         0x08001718   Section        0  os_msg.o(i.OS_MsgQFreeAll)
    i.OS_MsgQInit                            0x08001750   Section        0  os_msg.o(i.OS_MsgQInit)
    i.OS_MutexDbgListAdd                     0x08001760   Section        0  os_mutex.o(i.OS_MutexDbgListAdd)
    i.OS_MutexGrpAdd                         0x08001784   Section        0  os_mutex.o(i.OS_MutexGrpAdd)
    i.OS_MutexGrpPostAll                     0x0800178c   Section        0  os_mutex.o(i.OS_MutexGrpPostAll)
    i.OS_MutexGrpPrioFindHighest             0x080017e2   Section        0  os_mutex.o(i.OS_MutexGrpPrioFindHighest)
    i.OS_MutexGrpRemove                      0x08001804   Section        0  os_mutex.o(i.OS_MutexGrpRemove)
    i.OS_MutexInit                           0x0800181c   Section        0  os_mutex.o(i.OS_MutexInit)
    i.OS_Pend                                0x08001834   Section        0  os_core.o(i.OS_Pend)
    i.OS_PendDataInit                        0x08001884   Section        0  os_core.o(i.OS_PendDataInit)
    i.OS_PendDbgNameAdd                      0x080018ac   Section        0  os_core.o(i.OS_PendDbgNameAdd)
    i.OS_PendDbgNameRemove                   0x08001900   Section        0  os_core.o(i.OS_PendDbgNameRemove)
    i.OS_PendListChangePrio                  0x08001924   Section        0  os_core.o(i.OS_PendListChangePrio)
    i.OS_PendListInit                        0x08001954   Section        0  os_core.o(i.OS_PendListInit)
    i.OS_PendListInsertPrio                  0x0800195e   Section        0  os_core.o(i.OS_PendListInsertPrio)
    i.OS_PendListRemove                      0x080019ba   Section        0  os_core.o(i.OS_PendListRemove)
    i.OS_PendListRemove1                     0x080019e4   Section        0  os_core.o(i.OS_PendListRemove1)
    i.OS_Post                                0x08001a1a   Section        0  os_core.o(i.OS_Post)
    i.OS_Post1                               0x08001acc   Section        0  os_core.o(i.OS_Post1)
    i.OS_PrioGetHighest                      0x08001af4   Section        0  os_prio.o(i.OS_PrioGetHighest)
    i.OS_PrioInit                            0x08001b18   Section        0  os_prio.o(i.OS_PrioInit)
    i.OS_PrioInsert                          0x08001b30   Section        0  os_prio.o(i.OS_PrioInsert)
    i.OS_PrioRemove                          0x08001b50   Section        0  os_prio.o(i.OS_PrioRemove)
    i.OS_QInit                               0x08001b70   Section        0  os_q.o(i.OS_QInit)
    i.OS_RdyListInit                         0x08001b88   Section        0  os_core.o(i.OS_RdyListInit)
    i.OS_RdyListInsert                       0x08001bac   Section        0  os_core.o(i.OS_RdyListInsert)
    i.OS_RdyListInsertHead                   0x08001bdc   Section        0  os_core.o(i.OS_RdyListInsertHead)
    i.OS_RdyListInsertTail                   0x08001c18   Section        0  os_core.o(i.OS_RdyListInsertTail)
    i.OS_RdyListRemove                       0x08001c50   Section        0  os_core.o(i.OS_RdyListRemove)
    i.OS_SchedLockTimeMeasStart              0x08001ca4   Section        0  os_core.o(i.OS_SchedLockTimeMeasStart)
    i.OS_SchedLockTimeMeasStop               0x08001cc0   Section        0  os_core.o(i.OS_SchedLockTimeMeasStop)
    i.OS_SemInit                             0x08001cfc   Section        0  os_sem.o(i.OS_SemInit)
    i.OS_StatTask                            0x08001d14   Section        0  os_stat.o(i.OS_StatTask)
    i.OS_StatTaskInit                        0x08001f1c   Section        0  os_stat.o(i.OS_StatTaskInit)
    i.OS_TaskBlock                           0x08001fdc   Section        0  os_core.o(i.OS_TaskBlock)
    i.OS_TaskChangePrio                      0x0800200c   Section        0  os_task.o(i.OS_TaskChangePrio)
    i.OS_TaskDbgListAdd                      0x080020cc   Section        0  os_task.o(i.OS_TaskDbgListAdd)
    i.OS_TaskDbgListRemove                   0x080020f0   Section        0  os_task.o(i.OS_TaskDbgListRemove)
    i.OS_TaskInit                            0x08002130   Section        0  os_task.o(i.OS_TaskInit)
    i.OS_TaskInitTCB                         0x08002150   Section        0  os_task.o(i.OS_TaskInitTCB)
    i.OS_TaskResume                          0x080021f8   Section        0  os_task.o(i.OS_TaskResume)
    i.OS_TaskReturn                          0x080022b4   Section        0  os_task.o(i.OS_TaskReturn)
    i.OS_TaskSemPost                         0x080022cc   Section        0  os_task.o(i.OS_TaskSemPost)
    i.OS_TaskSuspend                         0x08002384   Section        0  os_task.o(i.OS_TaskSuspend)
    i.OS_TickListInsert                      0x08002444   Section        0  os_tick.o(i.OS_TickListInsert)
    i.OS_TickListInsertDly                   0x080024bc   Section        0  os_tick.o(i.OS_TickListInsertDly)
    i.OS_TickListRemove                      0x08002548   Section        0  os_tick.o(i.OS_TickListRemove)
    i.OS_TickListResetPeak                   0x0800259a   Section        0  os_tick.o(i.OS_TickListResetPeak)
    i.OS_TickListUpdateDly                   0x0800259c   Section        0  os_tick.o(i.OS_TickListUpdateDly)
    OS_TickListUpdateDly                     0x0800259d   Thumb Code   116  os_tick.o(i.OS_TickListUpdateDly)
    i.OS_TickListUpdateTimeout               0x08002614   Section        0  os_tick.o(i.OS_TickListUpdateTimeout)
    OS_TickListUpdateTimeout                 0x08002615   Thumb Code   224  os_tick.o(i.OS_TickListUpdateTimeout)
    i.OS_TickTask                            0x080026f8   Section        0  os_tick.o(i.OS_TickTask)
    i.OS_TickTaskInit                        0x08002740   Section        0  os_tick.o(i.OS_TickTaskInit)
    i.OS_TmrInit                             0x080027f8   Section        0  os_tmr.o(i.OS_TmrInit)
    i.OS_TmrLock                             0x08002918   Section        0  os_tmr.o(i.OS_TmrLock)
    OS_TmrLock                               0x08002919   Thumb Code    20  os_tmr.o(i.OS_TmrLock)
    i.OS_TmrResetPeak                        0x08002930   Section        0  os_tmr.o(i.OS_TmrResetPeak)
    i.OS_TmrTask                             0x08002934   Section        0  os_tmr.o(i.OS_TmrTask)
    i.OS_TmrUnlink                           0x080029c0   Section        0  os_tmr.o(i.OS_TmrUnlink)
    i.OS_TmrUnlock                           0x080029fc   Section        0  os_tmr.o(i.OS_TmrUnlock)
    OS_TmrUnlock                             0x080029fd   Thumb Code    14  os_tmr.o(i.OS_TmrUnlock)
    i.RCC_AHB1PeriphClockCmd                 0x08002a10   Section        0  stm32f4xx_rcc.o(i.RCC_AHB1PeriphClockCmd)
    i.RCC_GetClocksFreq                      0x08002a2c   Section        0  stm32f4xx_rcc.o(i.RCC_GetClocksFreq)
    i.SVC_Handler                            0x08002ad0   Section        0  stm32f4xx_it.o(i.SVC_Handler)
    i.SetSysClock                            0x08002ad4   Section        0  system_stm32f4xx.o(i.SetSysClock)
    SetSysClock                              0x08002ad5   Thumb Code   168  system_stm32f4xx.o(i.SetSysClock)
    i.SystemInit                             0x08002b8c   Section        0  system_stm32f4xx.o(i.SystemInit)
    i.USART1_IRQHandler                      0x08002be8   Section        0  stm32f4xx_it.o(i.USART1_IRQHandler)
    i.USART_GetITStatus                      0x08002c14   Section        0  stm32f4xx_usart.o(i.USART_GetITStatus)
    i.USART_ReceiveData                      0x08002c54   Section        0  stm32f4xx_usart.o(i.USART_ReceiveData)
    i.USART_SendData                         0x08002c5c   Section        0  stm32f4xx_usart.o(i.USART_SendData)
    i.UsageFault_Handler                     0x08002c64   Section        0  stm32f4xx_it.o(i.UsageFault_Handler)
    i.__scatterload_copy                     0x08002c66   Section       14  handlers.o(i.__scatterload_copy)
    i.__scatterload_null                     0x08002c74   Section        2  handlers.o(i.__scatterload_null)
    i.__scatterload_zeroinit                 0x08002c76   Section       14  handlers.o(i.__scatterload_zeroinit)
    i.main                                   0x08002c84   Section        0  app.o(i.main)
    .constdata                               0x08002ce4   Section        4  os_cfg_app.o(.constdata)
    .constdata                               0x08002ce8   Section        4  os_cfg_app.o(.constdata)
    .constdata                               0x08002cec   Section        4  os_cfg_app.o(.constdata)
    .constdata                               0x08002cf0   Section        4  os_cfg_app.o(.constdata)
    .constdata                               0x08002cf4   Section        4  os_cfg_app.o(.constdata)
    .constdata                               0x08002cf8   Section        2  os_cfg_app.o(.constdata)
    .constdata                               0x08002cfc   Section        4  os_cfg_app.o(.constdata)
    .constdata                               0x08002d00   Section        1  os_cfg_app.o(.constdata)
    .constdata                               0x08002d04   Section        4  os_cfg_app.o(.constdata)
    .constdata                               0x08002d08   Section        4  os_cfg_app.o(.constdata)
    .constdata                               0x08002d0c   Section        4  os_cfg_app.o(.constdata)
    .constdata                               0x08002d10   Section        4  os_cfg_app.o(.constdata)
    .constdata                               0x08002d14   Section        4  os_cfg_app.o(.constdata)
    .constdata                               0x08002d18   Section        4  os_cfg_app.o(.constdata)
    .constdata                               0x08002d1c   Section        1  os_cfg_app.o(.constdata)
    .constdata                               0x08002d20   Section        4  os_cfg_app.o(.constdata)
    .constdata                               0x08002d24   Section        4  os_cfg_app.o(.constdata)
    .constdata                               0x08002d28   Section        4  os_cfg_app.o(.constdata)
    .constdata                               0x08002d2c   Section        1  os_cfg_app.o(.constdata)
    .constdata                               0x08002d30   Section        4  os_cfg_app.o(.constdata)
    .constdata                               0x08002d34   Section        4  os_cfg_app.o(.constdata)
    .constdata                               0x08002d38   Section        4  os_cfg_app.o(.constdata)
    .constdata                               0x08002d3c   Section        4  os_cfg_app.o(.constdata)
    .data                                    0x20000000   Section       16  stm32f4xx_rcc.o(.data)
    APBAHBPrescTable                         0x20000000   Data          16  stm32f4xx_rcc.o(.data)
    .data                                    0x20000010   Section        4  cpu_core.o(.data)
    .data                                    0x20000014   Section        4  lib_mem.o(.data)
    .data                                    0x20000018   Section        8  os_prio.o(.data)
    .data                                    0x20000020   Section        4  os_var.o(.data)
    .data                                    0x20000024   Section        4  os_var.o(.data)
    .data                                    0x20000028   Section        4  os_var.o(.data)
    .data                                    0x2000002c   Section        4  os_var.o(.data)
    .data                                    0x20000030   Section        4  os_var.o(.data)
    .data                                    0x20000034   Section        4  os_var.o(.data)
    .data                                    0x20000038   Section        4  os_var.o(.data)
    .data                                    0x2000003c   Section        4  os_var.o(.data)
    .data                                    0x20000040   Section        1  os_var.o(.data)
    .data                                    0x20000041   Section        1  os_var.o(.data)
    .data                                    0x20000044   Section        4  os_var.o(.data)
    .data                                    0x20000048   Section        2  os_var.o(.data)
    .data                                    0x2000004c   Section        4  os_var.o(.data)
    .data                                    0x20000050   Section        2  os_var.o(.data)
    .data                                    0x20000054   Section        4  os_var.o(.data)
    .data                                    0x20000058   Section        2  os_var.o(.data)
    .data                                    0x2000005a   Section        1  os_var.o(.data)
    .data                                    0x2000005b   Section        1  os_var.o(.data)
    .data                                    0x2000005c   Section        1  os_var.o(.data)
    .data                                    0x20000060   Section        4  os_var.o(.data)
    .data                                    0x20000064   Section        2  os_var.o(.data)
    .data                                    0x20000068   Section        4  os_var.o(.data)
    .data                                    0x2000006c   Section        4  os_var.o(.data)
    .data                                    0x20000070   Section        4  os_var.o(.data)
    .data                                    0x20000074   Section        1  os_var.o(.data)
    .data                                    0x20000078   Section        4  os_var.o(.data)
    .data                                    0x2000007c   Section        2  os_var.o(.data)
    .data                                    0x2000007e   Section        1  os_var.o(.data)
    .data                                    0x20000080   Section        2  os_var.o(.data)
    .data                                    0x20000082   Section        2  os_var.o(.data)
    .data                                    0x20000084   Section        4  os_var.o(.data)
    .data                                    0x20000088   Section        4  os_var.o(.data)
    .data                                    0x2000008c   Section        4  os_var.o(.data)
    .data                                    0x20000090   Section        1  os_var.o(.data)
    .data                                    0x20000094   Section        4  os_var.o(.data)
    .data                                    0x20000098   Section        4  os_var.o(.data)
    .data                                    0x2000009c   Section        4  os_var.o(.data)
    .data                                    0x200000a0   Section        2  os_var.o(.data)
    .data                                    0x200000a2   Section        1  os_var.o(.data)
    .data                                    0x200000a4   Section        4  os_var.o(.data)
    .data                                    0x200000a8   Section        4  os_var.o(.data)
    .data                                    0x200000ac   Section        8  os_var.o(.data)
    .data                                    0x200000b4   Section        8  os_var.o(.data)
    .data                                    0x200000bc   Section        4  os_var.o(.data)
    .data                                    0x200000c0   Section        2  os_var.o(.data)
    .data                                    0x200000c4   Section        4  os_var.o(.data)
    .data                                    0x200000c8   Section        4  os_var.o(.data)
    .data                                    0x200000cc   Section        4  os_var.o(.data)
    .data                                    0x200000d0   Section        4  os_var.o(.data)
    .data                                    0x200000d4   Section        4  os_var.o(.data)
    .data                                    0x200000d8   Section        4  os_var.o(.data)
    .data                                    0x200000dc   Section        4  os_var.o(.data)
    .data                                    0x200000e0   Section        4  os_cpu_c.o(.data)
    .bss                                     0x200000e4   Section      704  app.o(.bss)
    AppTaskStartTCB                          0x200000e4   Data         192  app.o(.bss)
    AppTaskStartStk                          0x200001a4   Data         512  app.o(.bss)
    .bss                                     0x200003a4   Section       16  cpu_core.o(.bss)
    .bss                                     0x200003b4   Section     3092  lib_mem.o(.bss)
    .bss                                     0x20000fc8   Section      256  os_cfg_app.o(.bss)
    .bss                                     0x200010c8   Section      400  os_cfg_app.o(.bss)
    .bss                                     0x20001258   Section     1600  os_cfg_app.o(.bss)
    .bss                                     0x20001898   Section      400  os_cfg_app.o(.bss)
    .bss                                     0x20001a28   Section      400  os_cfg_app.o(.bss)
    .bss                                     0x20001bb8   Section      400  os_cfg_app.o(.bss)
    .bss                                     0x20001d48   Section      192  os_var.o(.bss)
    .bss                                     0x20001e08   Section       12  os_var.o(.bss)
    .bss                                     0x20001e14   Section      768  os_var.o(.bss)
    .bss                                     0x20002114   Section      192  os_var.o(.bss)
    .bss                                     0x200021d4   Section      192  os_var.o(.bss)
    .bss                                     0x20002294   Section       48  os_var.o(.bss)
    .bss                                     0x200022c4   Section      192  os_var.o(.bss)
    STACK                                    0x20002388   Section     1024  startup_stm32f40xx.o(STACK)

    Global Symbols

    Symbol Name                              Value     Ov Type        Size  Object(Section)

    BuildAttributes$$THM_ISAv4$E$P$D$K$B$S$7EM$VFPi3$EXTD16$VFPS$VFMA$PE$A:L22UL41UL21$X:L11$S22US41US21$IEEE1$IW$USESV6$~STKCKD$USESV7$~SHL$OSPACE$EBA8$MICROLIB$REQ8$PRES8$EABIv2 0x00000000   Number         0  anon$$obj.o ABSOLUTE
    __ARM_use_no_argv                        0x00000000   Number         0  app.o ABSOLUTE
    __cpp_initialize__aeabi_                  - Undefined Weak Reference
    __cxa_finalize                            - Undefined Weak Reference
    __decompress                              - Undefined Weak Reference
    _clock_init                               - Undefined Weak Reference
    _microlib_exit                            - Undefined Weak Reference
    __Vectors_Size                           0x00000188   Number         0  startup_stm32f40xx.o ABSOLUTE
    __Vectors                                0x08000000   Data           4  startup_stm32f40xx.o(RESET)
    __Vectors_End                            0x08000188   Data           0  startup_stm32f40xx.o(RESET)
    __main                                   0x08000189   Thumb Code     0  entry.o(.ARM.Collect$$$$00000000)
    _main_stk                                0x08000189   Thumb Code     0  entry2.o(.ARM.Collect$$$$00000001)
    _main_scatterload                        0x0800018d   Thumb Code     0  entry5.o(.ARM.Collect$$$$00000004)
    __main_after_scatterload                 0x08000191   Thumb Code     0  entry5.o(.ARM.Collect$$$$00000004)
    _main_clock                              0x08000191   Thumb Code     0  entry7b.o(.ARM.Collect$$$$00000008)
    _main_cpp_init                           0x08000191   Thumb Code     0  entry8b.o(.ARM.Collect$$$$0000000A)
    _main_init                               0x08000191   Thumb Code     0  entry9a.o(.ARM.Collect$$$$0000000B)
    __rt_final_cpp                           0x08000199   Thumb Code     0  entry10a.o(.ARM.Collect$$$$0000000D)
    __rt_final_exit                          0x08000199   Thumb Code     0  entry11a.o(.ARM.Collect$$$$0000000F)
    Reset_Handler                            0x0800019d   Thumb Code    40  startup_stm32f40xx.o(.text)
    ADC_IRQHandler                           0x080001d7   Thumb Code     0  startup_stm32f40xx.o(.text)
    CAN1_RX0_IRQHandler                      0x080001d7   Thumb Code     0  startup_stm32f40xx.o(.text)
    CAN1_RX1_IRQHandler                      0x080001d7   Thumb Code     0  startup_stm32f40xx.o(.text)
    CAN1_SCE_IRQHandler                      0x080001d7   Thumb Code     0  startup_stm32f40xx.o(.text)
    CAN1_TX_IRQHandler                       0x080001d7   Thumb Code     0  startup_stm32f40xx.o(.text)
    CAN2_RX0_IRQHandler                      0x080001d7   Thumb Code     0  startup_stm32f40xx.o(.text)
    CAN2_RX1_IRQHandler                      0x080001d7   Thumb Code     0  startup_stm32f40xx.o(.text)
    CAN2_SCE_IRQHandler                      0x080001d7   Thumb Code     0  startup_stm32f40xx.o(.text)
    CAN2_TX_IRQHandler                       0x080001d7   Thumb Code     0  startup_stm32f40xx.o(.text)
    CRYP_IRQHandler                          0x080001d7   Thumb Code     0  startup_stm32f40xx.o(.text)
    DCMI_IRQHandler                          0x080001d7   Thumb Code     0  startup_stm32f40xx.o(.text)
    DMA1_Stream0_IRQHandler                  0x080001d7   Thumb Code     0  startup_stm32f40xx.o(.text)
    DMA1_Stream1_IRQHandler                  0x080001d7   Thumb Code     0  startup_stm32f40xx.o(.text)
    DMA1_Stream2_IRQHandler                  0x080001d7   Thumb Code     0  startup_stm32f40xx.o(.text)
    DMA1_Stream3_IRQHandler                  0x080001d7   Thumb Code     0  startup_stm32f40xx.o(.text)
    DMA1_Stream4_IRQHandler                  0x080001d7   Thumb Code     0  startup_stm32f40xx.o(.text)
    DMA1_Stream5_IRQHandler                  0x080001d7   Thumb Code     0  startup_stm32f40xx.o(.text)
    DMA1_Stream6_IRQHandler                  0x080001d7   Thumb Code     0  startup_stm32f40xx.o(.text)
    DMA1_Stream7_IRQHandler                  0x080001d7   Thumb Code     0  startup_stm32f40xx.o(.text)
    DMA2_Stream0_IRQHandler                  0x080001d7   Thumb Code     0  startup_stm32f40xx.o(.text)
    DMA2_Stream1_IRQHandler                  0x080001d7   Thumb Code     0  startup_stm32f40xx.o(.text)
    DMA2_Stream2_IRQHandler                  0x080001d7   Thumb Code     0  startup_stm32f40xx.o(.text)
    DMA2_Stream3_IRQHandler                  0x080001d7   Thumb Code     0  startup_stm32f40xx.o(.text)
    DMA2_Stream4_IRQHandler                  0x080001d7   Thumb Code     0  startup_stm32f40xx.o(.text)
    DMA2_Stream5_IRQHandler                  0x080001d7   Thumb Code     0  startup_stm32f40xx.o(.text)
    DMA2_Stream6_IRQHandler                  0x080001d7   Thumb Code     0  startup_stm32f40xx.o(.text)
    DMA2_Stream7_IRQHandler                  0x080001d7   Thumb Code     0  startup_stm32f40xx.o(.text)
    ETH_IRQHandler                           0x080001d7   Thumb Code     0  startup_stm32f40xx.o(.text)
    ETH_WKUP_IRQHandler                      0x080001d7   Thumb Code     0  startup_stm32f40xx.o(.text)
    EXTI0_IRQHandler                         0x080001d7   Thumb Code     0  startup_stm32f40xx.o(.text)
    EXTI15_10_IRQHandler                     0x080001d7   Thumb Code     0  startup_stm32f40xx.o(.text)
    EXTI1_IRQHandler                         0x080001d7   Thumb Code     0  startup_stm32f40xx.o(.text)
    EXTI2_IRQHandler                         0x080001d7   Thumb Code     0  startup_stm32f40xx.o(.text)
    EXTI3_IRQHandler                         0x080001d7   Thumb Code     0  startup_stm32f40xx.o(.text)
    EXTI4_IRQHandler                         0x080001d7   Thumb Code     0  startup_stm32f40xx.o(.text)
    EXTI9_5_IRQHandler                       0x080001d7   Thumb Code     0  startup_stm32f40xx.o(.text)
    FLASH_IRQHandler                         0x080001d7   Thumb Code     0  startup_stm32f40xx.o(.text)
    FPU_IRQHandler                           0x080001d7   Thumb Code     0  startup_stm32f40xx.o(.text)
    FSMC_IRQHandler                          0x080001d7   Thumb Code     0  startup_stm32f40xx.o(.text)
    HASH_RNG_IRQHandler                      0x080001d7   Thumb Code     0  startup_stm32f40xx.o(.text)
    I2C1_ER_IRQHandler                       0x080001d7   Thumb Code     0  startup_stm32f40xx.o(.text)
    I2C1_EV_IRQHandler                       0x080001d7   Thumb Code     0  startup_stm32f40xx.o(.text)
    I2C2_ER_IRQHandler                       0x080001d7   Thumb Code     0  startup_stm32f40xx.o(.text)
    I2C2_EV_IRQHandler                       0x080001d7   Thumb Code     0  startup_stm32f40xx.o(.text)
    I2C3_ER_IRQHandler                       0x080001d7   Thumb Code     0  startup_stm32f40xx.o(.text)
    I2C3_EV_IRQHandler                       0x080001d7   Thumb Code     0  startup_stm32f40xx.o(.text)
    OTG_FS_IRQHandler                        0x080001d7   Thumb Code     0  startup_stm32f40xx.o(.text)
    OTG_FS_WKUP_IRQHandler                   0x080001d7   Thumb Code     0  startup_stm32f40xx.o(.text)
    OTG_HS_EP1_IN_IRQHandler                 0x080001d7   Thumb Code     0  startup_stm32f40xx.o(.text)
    OTG_HS_EP1_OUT_IRQHandler                0x080001d7   Thumb Code     0  startup_stm32f40xx.o(.text)
    OTG_HS_IRQHandler                        0x080001d7   Thumb Code     0  startup_stm32f40xx.o(.text)
    OTG_HS_WKUP_IRQHandler                   0x080001d7   Thumb Code     0  startup_stm32f40xx.o(.text)
    PVD_IRQHandler                           0x080001d7   Thumb Code     0  startup_stm32f40xx.o(.text)
    RCC_IRQHandler                           0x080001d7   Thumb Code     0  startup_stm32f40xx.o(.text)
    RTC_Alarm_IRQHandler                     0x080001d7   Thumb Code     0  startup_stm32f40xx.o(.text)
    RTC_WKUP_IRQHandler                      0x080001d7   Thumb Code     0  startup_stm32f40xx.o(.text)
    SDIO_IRQHandler                          0x080001d7   Thumb Code     0  startup_stm32f40xx.o(.text)
    SPI1_IRQHandler                          0x080001d7   Thumb Code     0  startup_stm32f40xx.o(.text)
    SPI2_IRQHandler                          0x080001d7   Thumb Code     0  startup_stm32f40xx.o(.text)
    SPI3_IRQHandler                          0x080001d7   Thumb Code     0  startup_stm32f40xx.o(.text)
    TAMP_STAMP_IRQHandler                    0x080001d7   Thumb Code     0  startup_stm32f40xx.o(.text)
    TIM1_BRK_TIM9_IRQHandler                 0x080001d7   Thumb Code     0  startup_stm32f40xx.o(.text)
    TIM1_CC_IRQHandler                       0x080001d7   Thumb Code     0  startup_stm32f40xx.o(.text)
    TIM1_TRG_COM_TIM11_IRQHandler            0x080001d7   Thumb Code     0  startup_stm32f40xx.o(.text)
    TIM1_UP_TIM10_IRQHandler                 0x080001d7   Thumb Code     0  startup_stm32f40xx.o(.text)
    TIM2_IRQHandler                          0x080001d7   Thumb Code     0  startup_stm32f40xx.o(.text)
    TIM3_IRQHandler                          0x080001d7   Thumb Code     0  startup_stm32f40xx.o(.text)
    TIM4_IRQHandler                          0x080001d7   Thumb Code     0  startup_stm32f40xx.o(.text)
    TIM5_IRQHandler                          0x080001d7   Thumb Code     0  startup_stm32f40xx.o(.text)
    TIM6_DAC_IRQHandler                      0x080001d7   Thumb Code     0  startup_stm32f40xx.o(.text)
    TIM7_IRQHandler                          0x080001d7   Thumb Code     0  startup_stm32f40xx.o(.text)
    TIM8_BRK_TIM12_IRQHandler                0x080001d7   Thumb Code     0  startup_stm32f40xx.o(.text)
    TIM8_CC_IRQHandler                       0x080001d7   Thumb Code     0  startup_stm32f40xx.o(.text)
    TIM8_TRG_COM_TIM14_IRQHandler            0x080001d7   Thumb Code     0  startup_stm32f40xx.o(.text)
    TIM8_UP_TIM13_IRQHandler                 0x080001d7   Thumb Code     0  startup_stm32f40xx.o(.text)
    UART4_IRQHandler                         0x080001d7   Thumb Code     0  startup_stm32f40xx.o(.text)
    UART5_IRQHandler                         0x080001d7   Thumb Code     0  startup_stm32f40xx.o(.text)
    USART2_IRQHandler                        0x080001d7   Thumb Code     0  startup_stm32f40xx.o(.text)
    USART3_IRQHandler                        0x080001d7   Thumb Code     0  startup_stm32f40xx.o(.text)
    USART6_IRQHandler                        0x080001d7   Thumb Code     0  startup_stm32f40xx.o(.text)
    WWDG_IRQHandler                          0x080001d7   Thumb Code     0  startup_stm32f40xx.o(.text)
    CPU_IntDis                               0x080001e9   Thumb Code     0  cpu_a.o(.text)
    CPU_IntEn                                0x080001ed   Thumb Code     0  cpu_a.o(.text)
    CPU_SR_Save                              0x080001f1   Thumb Code     0  cpu_a.o(.text)
    CPU_SR_Restore                           0x080001f9   Thumb Code     0  cpu_a.o(.text)
    CPU_WaitForInt                           0x080001ff   Thumb Code     0  cpu_a.o(.text)
    CPU_WaitForExcept                        0x08000203   Thumb Code     0  cpu_a.o(.text)
    CPU_CntLeadZeros                         0x08000207   Thumb Code     0  cpu_a.o(.text)
    CPU_CntTrailZeros                        0x0800020d   Thumb Code     0  cpu_a.o(.text)
    CPU_RevBits                              0x08000217   Thumb Code     0  cpu_a.o(.text)
    __scatterload                            0x0800021d   Thumb Code    28  init.o(.text)
    __scatterload_rt2                        0x0800021d   Thumb Code     0  init.o(.text)
    OS_CPU_FP_Reg_Push                       0x08000241   Thumb Code     0  os_cpu_a.o(CODE)
    OS_CPU_FP_Reg_Pop                        0x0800025b   Thumb Code     0  os_cpu_a.o(CODE)
    OSStartHighRdy                           0x0800026d   Thumb Code     0  os_cpu_a.o(CODE)
    OSCtxSw                                  0x080002dd   Thumb Code     0  os_cpu_a.o(CODE)
    OSIntCtxSw                               0x080002e7   Thumb Code     0  os_cpu_a.o(CODE)
    OS_CPU_PendSVHandler                     0x080002f1   Thumb Code     0  os_cpu_a.o(CODE)
    BSP_CPU_ClkFreq                          0x0800038d   Thumb Code    14  bsp.o(i.BSP_CPU_ClkFreq)
    BSP_Init                                 0x0800039b   Thumb Code     6  bsp.o(i.BSP_Init)
    BusFault_Handler                         0x080003a1   Thumb Code     2  stm32f4xx_it.o(i.BusFault_Handler)
    CPU_Init                                 0x080003a3   Thumb Code    14  cpu_core.o(i.CPU_Init)
    CPU_NameClr                              0x080003b1   Thumb Code    26  cpu_core.o(i.CPU_NameClr)
    CPU_SW_Exception                         0x080003d5   Thumb Code     2  cpu_core.o(i.CPU_SW_Exception)
    CPU_TS_TmrFreqSet                        0x080003e9   Thumb Code     6  cpu_core.o(i.CPU_TS_TmrFreqSet)
    CPU_TS_TmrInit                           0x080003f5   Thumb Code    38  bsp.o(i.CPU_TS_TmrInit)
    CPU_TS_TmrRd                             0x08000425   Thumb Code     6  bsp.o(i.CPU_TS_TmrRd)
    DebugMon_Handler                         0x08000431   Thumb Code     2  stm32f4xx_it.o(i.DebugMon_Handler)
    GPIO_Init                                0x08000433   Thumb Code   124  stm32f4xx_gpio.o(i.GPIO_Init)
    GPIO_SetBits                             0x080004af   Thumb Code     4  stm32f4xx_gpio.o(i.GPIO_SetBits)
    GPIO_ToggleBits                          0x080004b3   Thumb Code     8  stm32f4xx_gpio.o(i.GPIO_ToggleBits)
    HardFault_Handler                        0x080004bb   Thumb Code     2  stm32f4xx_it.o(i.HardFault_Handler)
    LED_Config                               0x080004bd   Thumb Code    56  led.o(i.LED_Config)
    LED_Lighting                             0x080004f9   Thumb Code     8  led.o(i.LED_Lighting)
    MemManage_Handler                        0x08000505   Thumb Code     2  stm32f4xx_it.o(i.MemManage_Handler)
    Mem_Clr                                  0x08000507   Thumb Code     8  lib_mem.o(i.Mem_Clr)
    Mem_Init                                 0x08000511   Thumb Code    50  lib_mem.o(i.Mem_Init)
    Mem_SegCreate                            0x08000555   Thumb Code    52  lib_mem.o(i.Mem_SegCreate)
    Mem_Set                                  0x080005a5   Thumb Code    62  lib_mem.o(i.Mem_Set)
    NMI_Handler                              0x080005e3   Thumb Code     2  stm32f4xx_it.o(i.NMI_Handler)
    OSCfg_Init                               0x080005e5   Thumb Code     2  os_cfg_app.o(i.OSCfg_Init)
    OSIdleTaskHook                           0x080005e9   Thumb Code    12  os_cpu_c.o(i.OSIdleTaskHook)
    OSInit                                   0x080005f9   Thumb Code   264  os_core.o(i.OSInit)
    OSInitHook                               0x08000755   Thumb Code    22  os_cpu_c.o(i.OSInitHook)
    OSIntExit                                0x08000779   Thumb Code   138  os_core.o(i.OSIntExit)
    OSMutexCreate                            0x08000825   Thumb Code    80  os_mutex.o(i.OSMutexCreate)
    OSMutexPend                              0x0800087d   Thumb Code   330  os_mutex.o(i.OSMutexPend)
    OSMutexPost                              0x080009d5   Thumb Code   306  os_mutex.o(i.OSMutexPost)
    OSSched                                  0x08000b15   Thumb Code    96  os_core.o(i.OSSched)
    OSSchedLock                              0x08000b91   Thumb Code    64  os_core.o(i.OSSchedLock)
    OSSchedUnlock                            0x08000bd9   Thumb Code    84  os_core.o(i.OSSchedUnlock)
    OSStart                                  0x08000c35   Thumb Code    66  os_core.o(i.OSStart)
    OSStatReset                              0x08000c91   Thumb Code   152  os_stat.o(i.OSStatReset)
    OSStatTaskCPUUsageInit                   0x08000d49   Thumb Code   142  os_stat.o(i.OSStatTaskCPUUsageInit)
    OSStatTaskHook                           0x08000df5   Thumb Code    12  os_cpu_c.o(i.OSStatTaskHook)
    OSTaskCreate                             0x08000e05   Thumb Code   326  os_task.o(i.OSTaskCreate)
    OSTaskCreateHook                         0x08000f5d   Thumb Code    12  os_cpu_c.o(i.OSTaskCreateHook)
    OSTaskDel                                0x08000f6d   Thumb Code   284  os_task.o(i.OSTaskDel)
    OSTaskDelHook                            0x08001095   Thumb Code    12  os_cpu_c.o(i.OSTaskDelHook)
    OSTaskResume                             0x080010a5   Thumb Code    48  os_task.o(i.OSTaskResume)
    OSTaskReturnHook                         0x080010d9   Thumb Code    12  os_cpu_c.o(i.OSTaskReturnHook)
    OSTaskSemPend                            0x080010e9   Thumb Code   288  os_task.o(i.OSTaskSemPend)
    OSTaskSemPost                            0x08001211   Thumb Code    48  os_task.o(i.OSTaskSemPost)
    OSTaskStkChk                             0x08001241   Thumb Code   144  os_task.o(i.OSTaskStkChk)
    OSTaskStkInit                            0x080012d5   Thumb Code   258  os_cpu_c.o(i.OSTaskStkInit)
    OSTaskSuspend                            0x08001445   Thumb Code    18  os_task.o(i.OSTaskSuspend)
    OSTaskSwHook                             0x0800145d   Thumb Code   100  os_cpu_c.o(i.OSTaskSwHook)
    OSTimeDly                                0x080014d1   Thumb Code   116  os_time.o(i.OSTimeDly)
    OSTimeTick                               0x0800154d   Thumb Code    46  os_time.o(i.OSTimeTick)
    OSTimeTickHook                           0x0800158d   Thumb Code    12  os_cpu_c.o(i.OSTimeTickHook)
    OS_CPU_SysTickHandler                    0x0800159d   Thumb Code    30  os_cpu_c.o(i.OS_CPU_SysTickHandler)
    OS_CPU_SysTickInit                       0x080015c1   Thumb Code    36  os_cpu_c.o(i.OS_CPU_SysTickInit)
    OS_Dbg_Init                              0x080015e9   Thumb Code     2  os_dbg.o(i.OS_Dbg_Init)
    OS_FlagInit                              0x080015ed   Thumb Code    14  os_flag.o(i.OS_FlagInit)
    OS_IdleTask                              0x08001605   Thumb Code    30  os_core.o(i.OS_IdleTask)
    OS_IdleTaskInit                          0x0800162d   Thumb Code    60  os_core.o(i.OS_IdleTaskInit)
    OS_MemInit                               0x08001695   Thumb Code    14  os_mem.o(i.OS_MemInit)
    OS_MsgPoolInit                           0x080016ad   Thumb Code    96  os_msg.o(i.OS_MsgPoolInit)
    OS_MsgQFreeAll                           0x08001719   Thumb Code    50  os_msg.o(i.OS_MsgQFreeAll)
    OS_MsgQInit                              0x08001751   Thumb Code    14  os_msg.o(i.OS_MsgQInit)
    OS_MutexDbgListAdd                       0x08001761   Thumb Code    28  os_mutex.o(i.OS_MutexDbgListAdd)
    OS_MutexGrpAdd                           0x08001785   Thumb Code     8  os_mutex.o(i.OS_MutexGrpAdd)
    OS_MutexGrpPostAll                       0x0800178d   Thumb Code    86  os_mutex.o(i.OS_MutexGrpPostAll)
    OS_MutexGrpPrioFindHighest               0x080017e3   Thumb Code    34  os_mutex.o(i.OS_MutexGrpPrioFindHighest)
    OS_MutexGrpRemove                        0x08001805   Thumb Code    22  os_mutex.o(i.OS_MutexGrpRemove)
    OS_MutexInit                             0x0800181d   Thumb Code    14  os_mutex.o(i.OS_MutexInit)
    OS_Pend                                  0x08001835   Thumb Code    76  os_core.o(i.OS_Pend)
    OS_PendDataInit                          0x08001885   Thumb Code    40  os_core.o(i.OS_PendDataInit)
    OS_PendDbgNameAdd                        0x080018ad   Thumb Code    60  os_core.o(i.OS_PendDbgNameAdd)
    OS_PendDbgNameRemove                     0x08001901   Thumb Code    30  os_core.o(i.OS_PendDbgNameRemove)
    OS_PendListChangePrio                    0x08001925   Thumb Code    48  os_core.o(i.OS_PendListChangePrio)
    OS_PendListInit                          0x08001955   Thumb Code    10  os_core.o(i.OS_PendListInit)
    OS_PendListInsertPrio                    0x0800195f   Thumb Code    92  os_core.o(i.OS_PendListInsertPrio)
    OS_PendListRemove                        0x080019bb   Thumb Code    42  os_core.o(i.OS_PendListRemove)
    OS_PendListRemove1                       0x080019e5   Thumb Code    54  os_core.o(i.OS_PendListRemove1)
    OS_Post                                  0x08001a1b   Thumb Code   178  os_core.o(i.OS_Post)
    OS_Post1                                 0x08001acd   Thumb Code    40  os_core.o(i.OS_Post1)
    OS_PrioGetHighest                        0x08001af5   Thumb Code    32  os_prio.o(i.OS_PrioGetHighest)
    OS_PrioInit                              0x08001b19   Thumb Code    18  os_prio.o(i.OS_PrioInit)
    OS_PrioInsert                            0x08001b31   Thumb Code    28  os_prio.o(i.OS_PrioInsert)
    OS_PrioRemove                            0x08001b51   Thumb Code    28  os_prio.o(i.OS_PrioRemove)
    OS_QInit                                 0x08001b71   Thumb Code    14  os_q.o(i.OS_QInit)
    OS_RdyListInit                           0x08001b89   Thumb Code    30  os_core.o(i.OS_RdyListInit)
    OS_RdyListInsert                         0x08001bad   Thumb Code    44  os_core.o(i.OS_RdyListInsert)
    OS_RdyListInsertHead                     0x08001bdd   Thumb Code    54  os_core.o(i.OS_RdyListInsertHead)
    OS_RdyListInsertTail                     0x08001c19   Thumb Code    52  os_core.o(i.OS_RdyListInsertTail)
    OS_RdyListRemove                         0x08001c51   Thumb Code    80  os_core.o(i.OS_RdyListRemove)
    OS_SchedLockTimeMeasStart                0x08001ca5   Thumb Code    20  os_core.o(i.OS_SchedLockTimeMeasStart)
    OS_SchedLockTimeMeasStop                 0x08001cc1   Thumb Code    42  os_core.o(i.OS_SchedLockTimeMeasStop)
    OS_SemInit                               0x08001cfd   Thumb Code    14  os_sem.o(i.OS_SemInit)
    OS_StatTask                              0x08001d15   Thumb Code   458  os_stat.o(i.OS_StatTask)
    OS_StatTaskInit                          0x08001f1d   Thumb Code   124  os_stat.o(i.OS_StatTaskInit)
    OS_TaskBlock                             0x08001fdd   Thumb Code    42  os_core.o(i.OS_TaskBlock)
    OS_TaskChangePrio                        0x0800200d   Thumb Code   186  os_task.o(i.OS_TaskChangePrio)
    OS_TaskDbgListAdd                        0x080020cd   Thumb Code    32  os_task.o(i.OS_TaskDbgListAdd)
    OS_TaskDbgListRemove                     0x080020f1   Thumb Code    58  os_task.o(i.OS_TaskDbgListRemove)
    OS_TaskInit                              0x08002131   Thumb Code    18  os_task.o(i.OS_TaskInit)
    OS_TaskInitTCB                           0x08002151   Thumb Code   156  os_task.o(i.OS_TaskInitTCB)
    OS_TaskResume                            0x080021f9   Thumb Code   186  os_task.o(i.OS_TaskResume)
    OS_TaskReturn                            0x080022b5   Thumb Code    20  os_task.o(i.OS_TaskReturn)
    OS_TaskSemPost                           0x080022cd   Thumb Code   180  os_task.o(i.OS_TaskSemPost)
    OS_TaskSuspend                           0x08002385   Thumb Code   184  os_task.o(i.OS_TaskSuspend)
    OS_TickListInsert                        0x08002445   Thumb Code   120  os_tick.o(i.OS_TickListInsert)
    OS_TickListInsertDly                     0x080024bd   Thumb Code   126  os_tick.o(i.OS_TickListInsertDly)
    OS_TickListRemove                        0x08002549   Thumb Code    82  os_tick.o(i.OS_TickListRemove)
    OS_TickListResetPeak                     0x0800259b   Thumb Code     2  os_tick.o(i.OS_TickListResetPeak)
    OS_TickTask                              0x080026f9   Thumb Code    62  os_tick.o(i.OS_TickTask)
    OS_TickTaskInit                          0x08002741   Thumb Code   124  os_tick.o(i.OS_TickTaskInit)
    OS_TmrInit                               0x080027f9   Thumb Code   180  os_tmr.o(i.OS_TmrInit)
    OS_TmrResetPeak                          0x08002931   Thumb Code     2  os_tmr.o(i.OS_TmrResetPeak)
    OS_TmrTask                               0x08002935   Thumb Code   128  os_tmr.o(i.OS_TmrTask)
    OS_TmrUnlink                             0x080029c1   Thumb Code    50  os_tmr.o(i.OS_TmrUnlink)
    RCC_AHB1PeriphClockCmd                   0x08002a11   Thumb Code    22  stm32f4xx_rcc.o(i.RCC_AHB1PeriphClockCmd)
    RCC_GetClocksFreq                        0x08002a2d   Thumb Code   148  stm32f4xx_rcc.o(i.RCC_GetClocksFreq)
    SVC_Handler                              0x08002ad1   Thumb Code     2  stm32f4xx_it.o(i.SVC_Handler)
    SystemInit                               0x08002b8d   Thumb Code    74  system_stm32f4xx.o(i.SystemInit)
    USART1_IRQHandler                        0x08002be9   Thumb Code    38  stm32f4xx_it.o(i.USART1_IRQHandler)
    USART_GetITStatus                        0x08002c15   Thumb Code    64  stm32f4xx_usart.o(i.USART_GetITStatus)
    USART_ReceiveData                        0x08002c55   Thumb Code     8  stm32f4xx_usart.o(i.USART_ReceiveData)
    USART_SendData                           0x08002c5d   Thumb Code     8  stm32f4xx_usart.o(i.USART_SendData)
    UsageFault_Handler                       0x08002c65   Thumb Code     2  stm32f4xx_it.o(i.UsageFault_Handler)
    __scatterload_copy                       0x08002c67   Thumb Code    14  handlers.o(i.__scatterload_copy)
    __scatterload_null                       0x08002c75   Thumb Code     2  handlers.o(i.__scatterload_null)
    __scatterload_zeroinit                   0x08002c77   Thumb Code    14  handlers.o(i.__scatterload_zeroinit)
    main                                     0x08002c85   Thumb Code    70  app.o(i.main)
    OSCfg_IdleTaskStkBasePtr                 0x08002ce4   Data           4  os_cfg_app.o(.constdata)
    OSCfg_IdleTaskStkLimit                   0x08002ce8   Data           4  os_cfg_app.o(.constdata)
    OSCfg_IdleTaskStkSize                    0x08002cec   Data           4  os_cfg_app.o(.constdata)
    OSCfg_ISRStkBasePtr                      0x08002cf0   Data           4  os_cfg_app.o(.constdata)
    OSCfg_ISRStkSize                         0x08002cf4   Data           4  os_cfg_app.o(.constdata)
    OSCfg_MsgPoolSize                        0x08002cf8   Data           2  os_cfg_app.o(.constdata)
    OSCfg_MsgPoolBasePtr                     0x08002cfc   Data           4  os_cfg_app.o(.constdata)
    OSCfg_StatTaskPrio                       0x08002d00   Data           1  os_cfg_app.o(.constdata)
    OSCfg_StatTaskRate_Hz                    0x08002d04   Data           4  os_cfg_app.o(.constdata)
    OSCfg_StatTaskStkBasePtr                 0x08002d08   Data           4  os_cfg_app.o(.constdata)
    OSCfg_StatTaskStkLimit                   0x08002d0c   Data           4  os_cfg_app.o(.constdata)
    OSCfg_StatTaskStkSize                    0x08002d10   Data           4  os_cfg_app.o(.constdata)
    OSCfg_StkSizeMin                         0x08002d14   Data           4  os_cfg_app.o(.constdata)
    OSCfg_TickRate_Hz                        0x08002d18   Data           4  os_cfg_app.o(.constdata)
    OSCfg_TickTaskPrio                       0x08002d1c   Data           1  os_cfg_app.o(.constdata)
    OSCfg_TickTaskStkBasePtr                 0x08002d20   Data           4  os_cfg_app.o(.constdata)
    OSCfg_TickTaskStkLimit                   0x08002d24   Data           4  os_cfg_app.o(.constdata)
    OSCfg_TickTaskStkSize                    0x08002d28   Data           4  os_cfg_app.o(.constdata)
    OSCfg_TmrTaskPrio                        0x08002d2c   Data           1  os_cfg_app.o(.constdata)
    OSCfg_TmrTaskRate_Hz                     0x08002d30   Data           4  os_cfg_app.o(.constdata)
    OSCfg_TmrTaskStkBasePtr                  0x08002d34   Data           4  os_cfg_app.o(.constdata)
    OSCfg_TmrTaskStkLimit                    0x08002d38   Data           4  os_cfg_app.o(.constdata)
    OSCfg_TmrTaskStkSize                     0x08002d3c   Data           4  os_cfg_app.o(.constdata)
    Region$$Table$$Base                      0x08002d40   Number         0  anon$$obj.o(Region$$Table)
    Region$$Table$$Limit                     0x08002d60   Number         0  anon$$obj.o(Region$$Table)
    CPU_TS_TmrFreq_Hz                        0x20000010   Data           4  cpu_core.o(.data)
    Mem_SegHeadPtr                           0x20000014   Data           4  lib_mem.o(.data)
    OSPrioTbl                                0x20000018   Data           8  os_prio.o(.data)
    OS_AppTaskCreateHookPtr                  0x20000020   Data           4  os_var.o(.data)
    OS_AppTaskDelHookPtr                     0x20000024   Data           4  os_var.o(.data)
    OS_AppTaskReturnHookPtr                  0x20000028   Data           4  os_var.o(.data)
    OS_AppIdleTaskHookPtr                    0x2000002c   Data           4  os_var.o(.data)
    OS_AppStatTaskHookPtr                    0x20000030   Data           4  os_var.o(.data)
    OS_AppTaskSwHookPtr                      0x20000034   Data           4  os_var.o(.data)
    OS_AppTimeTickHookPtr                    0x20000038   Data           4  os_var.o(.data)
    OSIdleTaskCtr                            0x2000003c   Data           4  os_var.o(.data)
    OSIntNestingCtr                          0x20000040   Data           1  os_var.o(.data)
    OSRunning                                0x20000041   Data           1  os_var.o(.data)
    OSFlagDbgListPtr                         0x20000044   Data           4  os_var.o(.data)
    OSFlagQty                                0x20000048   Data           2  os_var.o(.data)
    OSMemDbgListPtr                          0x2000004c   Data           4  os_var.o(.data)
    OSMemQty                                 0x20000050   Data           2  os_var.o(.data)
    OSMutexDbgListPtr                        0x20000054   Data           4  os_var.o(.data)
    OSMutexQty                               0x20000058   Data           2  os_var.o(.data)
    OSPrioCur                                0x2000005a   Data           1  os_var.o(.data)
    OSPrioHighRdy                            0x2000005b   Data           1  os_var.o(.data)
    OSPrioSaved                              0x2000005c   Data           1  os_var.o(.data)
    OSQDbgListPtr                            0x20000060   Data           4  os_var.o(.data)
    OSQQty                                   0x20000064   Data           2  os_var.o(.data)
    OSSchedLockTimeBegin                     0x20000068   Data           4  os_var.o(.data)
    OSSchedLockTimeMax                       0x2000006c   Data           4  os_var.o(.data)
    OSSchedLockTimeMaxCur                    0x20000070   Data           4  os_var.o(.data)
    OSSchedLockNestingCtr                    0x20000074   Data           1  os_var.o(.data)
    OSSemDbgListPtr                          0x20000078   Data           4  os_var.o(.data)
    OSSemQty                                 0x2000007c   Data           2  os_var.o(.data)
    OSStatResetFlag                          0x2000007e   Data           1  os_var.o(.data)
    OSStatTaskCPUUsage                       0x20000080   Data           2  os_var.o(.data)
    OSStatTaskCPUUsageMax                    0x20000082   Data           2  os_var.o(.data)
    OSStatTaskCtr                            0x20000084   Data           4  os_var.o(.data)
    OSStatTaskCtrMax                         0x20000088   Data           4  os_var.o(.data)
    OSStatTaskCtrRun                         0x2000008c   Data           4  os_var.o(.data)
    OSStatTaskRdy                            0x20000090   Data           1  os_var.o(.data)
    OSStatTaskTimeMax                        0x20000094   Data           4  os_var.o(.data)
    OSTaskCtxSwCtr                           0x20000098   Data           4  os_var.o(.data)
    OSTaskDbgListPtr                         0x2000009c   Data           4  os_var.o(.data)
    OSTaskQty                                0x200000a0   Data           2  os_var.o(.data)
    OSTaskRegNextAvailID                     0x200000a2   Data           1  os_var.o(.data)
    OSTickCtr                                0x200000a4   Data           4  os_var.o(.data)
    OSTickTaskTimeMax                        0x200000a8   Data           4  os_var.o(.data)
    OSTickListDly                            0x200000ac   Data           8  os_var.o(.data)
    OSTickListTimeout                        0x200000b4   Data           8  os_var.o(.data)
    OSTmrDbgListPtr                          0x200000bc   Data           4  os_var.o(.data)
    OSTmrListEntries                         0x200000c0   Data           2  os_var.o(.data)
    OSTmrListPtr                             0x200000c4   Data           4  os_var.o(.data)
    OSTmrTaskTimeMax                         0x200000c8   Data           4  os_var.o(.data)
    OSTmrTickCtr                             0x200000cc   Data           4  os_var.o(.data)
    OSTmrUpdateCnt                           0x200000d0   Data           4  os_var.o(.data)
    OSTmrUpdateCtr                           0x200000d4   Data           4  os_var.o(.data)
    OSTCBCurPtr                              0x200000d8   Data           4  os_var.o(.data)
    OSTCBHighRdyPtr                          0x200000dc   Data           4  os_var.o(.data)
    OS_CPU_ExceptStkBase                     0x200000e0   Data           4  os_cpu_c.o(.data)
    CPU_Name                                 0x200003a4   Data          16  cpu_core.o(.bss)
    Mem_Heap                                 0x200003b4   Data        3072  lib_mem.o(.bss)
    Mem_SegHeap                              0x20000fb4   Data          20  lib_mem.o(.bss)
    OSCfg_IdleTaskStk                        0x20000fc8   Data         256  os_cfg_app.o(.bss)
    OSCfg_ISRStk                             0x200010c8   Data         400  os_cfg_app.o(.bss)
    OSCfg_MsgPool                            0x20001258   Data        1600  os_cfg_app.o(.bss)
    OSCfg_StatTaskStk                        0x20001898   Data         400  os_cfg_app.o(.bss)
    OSCfg_TickTaskStk                        0x20001a28   Data         400  os_cfg_app.o(.bss)
    OSCfg_TmrTaskStk                         0x20001bb8   Data         400  os_cfg_app.o(.bss)
    OSIdleTaskTCB                            0x20001d48   Data         192  os_var.o(.bss)
    OSMsgPool                                0x20001e08   Data          12  os_var.o(.bss)
    OSRdyList                                0x20001e14   Data         768  os_var.o(.bss)
    OSStatTaskTCB                            0x20002114   Data         192  os_var.o(.bss)
    OSTickTaskTCB                            0x200021d4   Data         192  os_var.o(.bss)
    OSTmrMutex                               0x20002294   Data          48  os_var.o(.bss)
    OSTmrTaskTCB                             0x200022c4   Data         192  os_var.o(.bss)
    __initial_sp                             0x20002788   Data           0  startup_stm32f40xx.o(STACK)



==============================================================================

Memory Map of the image

  Image Entry point : 0x08000189

  Load Region LR_IROM1 (Base: 0x08000000, Size: 0x00002e44, Max: 0x00100000, ABSOLUTE)

    Execution Region ER_IROM1 (Exec base: 0x08000000, Load base: 0x08000000, Size: 0x00002d60, Max: 0x00100000, ABSOLUTE)

    Exec Addr    Load Addr    Size         Type   Attr      Idx    E Section Name        Object

    0x08000000   0x08000000   0x00000188   Data   RO            3    RESET               startup_stm32f40xx.o
    0x08000188   0x08000188   0x00000000   Code   RO         7504  * .ARM.Collect$$$$00000000  mc_w.l(entry.o)
    0x08000188   0x08000188   0x00000004   Code   RO         7509    .ARM.Collect$$$$00000001  mc_w.l(entry2.o)
    0x0800018c   0x0800018c   0x00000004   Code   RO         7512    .ARM.Collect$$$$00000004  mc_w.l(entry5.o)
    0x08000190   0x08000190   0x00000000   Code   RO         7514    .ARM.Collect$$$$00000008  mc_w.l(entry7b.o)
    0x08000190   0x08000190   0x00000000   Code   RO         7516    .ARM.Collect$$$$0000000A  mc_w.l(entry8b.o)
    0x08000190   0x08000190   0x00000008   Code   RO         7517    .ARM.Collect$$$$0000000B  mc_w.l(entry9a.o)
    0x08000198   0x08000198   0x00000000   Code   RO         7519    .ARM.Collect$$$$0000000D  mc_w.l(entry10a.o)
    0x08000198   0x08000198   0x00000000   Code   RO         7521    .ARM.Collect$$$$0000000F  mc_w.l(entry11a.o)
    0x08000198   0x08000198   0x00000004   Code   RO         7510    .ARM.Collect$$$$00002712  mc_w.l(entry2.o)
    0x0800019c   0x0800019c   0x0000004c   Code   RO            4    .text               startup_stm32f40xx.o
    0x080001e8   0x080001e8   0x00000034   Code   RO         5304    .text               cpu_a.o
    0x0800021c   0x0800021c   0x00000024   Code   RO         7527    .text               mc_w.l(init.o)
    0x08000240   0x08000240   0x0000010c   Code   RO         7029    CODE                os_cpu_a.o
    0x0800034c   0x0800034c   0x00000040   Code   RO         4853    i.AppTaskStart      app.o
    0x0800038c   0x0800038c   0x0000000e   Code   RO         5054    i.BSP_CPU_ClkFreq   bsp.o
    0x0800039a   0x0800039a   0x00000006   Code   RO         5055    i.BSP_Init          bsp.o
    0x080003a0   0x080003a0   0x00000002   Code   RO         4765    i.BusFault_Handler  stm32f4xx_it.o
    0x080003a2   0x080003a2   0x0000000e   Code   RO         5185    i.CPU_Init          cpu_core.o
    0x080003b0   0x080003b0   0x00000020   Code   RO         5186    i.CPU_NameClr       cpu_core.o
    0x080003d0   0x080003d0   0x00000004   Code   RO         5188    i.CPU_NameInit      cpu_core.o
    0x080003d4   0x080003d4   0x00000002   Code   RO         5190    i.CPU_SW_Exception  cpu_core.o
    0x080003d6   0x080003d6   0x00000002   PAD
    0x080003d8   0x080003d8   0x00000010   Code   RO         5192    i.CPU_TS_Init       cpu_core.o
    0x080003e8   0x080003e8   0x0000000c   Code   RO         5194    i.CPU_TS_TmrFreqSet  cpu_core.o
    0x080003f4   0x080003f4   0x00000030   Code   RO         5058    i.CPU_TS_TmrInit    bsp.o
    0x08000424   0x08000424   0x0000000c   Code   RO         5059    i.CPU_TS_TmrRd      bsp.o
    0x08000430   0x08000430   0x00000002   Code   RO         4766    i.DebugMon_Handler  stm32f4xx_it.o
    0x08000432   0x08000432   0x0000007c   Code   RO         1857    i.GPIO_Init         stm32f4xx_gpio.o
    0x080004ae   0x080004ae   0x00000004   Code   RO         1865    i.GPIO_SetBits      stm32f4xx_gpio.o
    0x080004b2   0x080004b2   0x00000008   Code   RO         1867    i.GPIO_ToggleBits   stm32f4xx_gpio.o
    0x080004ba   0x080004ba   0x00000002   Code   RO         4767    i.HardFault_Handler  stm32f4xx_it.o
    0x080004bc   0x080004bc   0x0000003c   Code   RO         7243    i.LED_Config        led.o
    0x080004f8   0x080004f8   0x0000000c   Code   RO         7244    i.LED_Lighting      led.o
    0x08000504   0x08000504   0x00000002   Code   RO         4768    i.MemManage_Handler  stm32f4xx_it.o
    0x08000506   0x08000506   0x00000008   Code   RO         5506    i.Mem_Clr           lib_mem.o
    0x0800050e   0x0800050e   0x00000002   PAD
    0x08000510   0x08000510   0x00000044   Code   RO         5516    i.Mem_Init          lib_mem.o
    0x08000554   0x08000554   0x00000034   Code   RO         5529    i.Mem_SegCreate     lib_mem.o
    0x08000588   0x08000588   0x0000001c   Code   RO         5530    i.Mem_SegCreateCritical  lib_mem.o
    0x080005a4   0x080005a4   0x0000003e   Code   RO         5533    i.Mem_Set           lib_mem.o
    0x080005e2   0x080005e2   0x00000002   Code   RO         4769    i.NMI_Handler       stm32f4xx_it.o
    0x080005e4   0x080005e4   0x00000002   Code   RO         5841    i.OSCfg_Init        os_cfg_app.o
    0x080005e6   0x080005e6   0x00000002   PAD
    0x080005e8   0x080005e8   0x00000010   Code   RO         7032    i.OSIdleTaskHook    os_cpu_c.o
    0x080005f8   0x080005f8   0x0000015c   Code   RO         5905    i.OSInit            os_core.o
    0x08000754   0x08000754   0x00000024   Code   RO         7033    i.OSInitHook        os_cpu_c.o
    0x08000778   0x08000778   0x000000ac   Code   RO         5907    i.OSIntExit         os_core.o
    0x08000824   0x08000824   0x00000058   Code   RO         6300    i.OSMutexCreate     os_mutex.o
    0x0800087c   0x0800087c   0x00000158   Code   RO         6302    i.OSMutexPend       os_mutex.o
    0x080009d4   0x080009d4   0x00000140   Code   RO         6304    i.OSMutexPost       os_mutex.o
    0x08000b14   0x08000b14   0x0000007c   Code   RO         5908    i.OSSched           os_core.o
    0x08000b90   0x08000b90   0x00000048   Code   RO         5909    i.OSSchedLock       os_core.o
    0x08000bd8   0x08000bd8   0x0000005c   Code   RO         5910    i.OSSchedUnlock     os_core.o
    0x08000c34   0x08000c34   0x0000005c   Code   RO         5911    i.OSStart           os_core.o
    0x08000c90   0x08000c90   0x000000b8   Code   RO         6571    i.OSStatReset       os_stat.o
    0x08000d48   0x08000d48   0x000000ac   Code   RO         6572    i.OSStatTaskCPUUsageInit  os_stat.o
    0x08000df4   0x08000df4   0x00000010   Code   RO         7034    i.OSStatTaskHook    os_cpu_c.o
    0x08000e04   0x08000e04   0x00000158   Code   RO         6602    i.OSTaskCreate      os_task.o
    0x08000f5c   0x08000f5c   0x00000010   Code   RO         7035    i.OSTaskCreateHook  os_cpu_c.o
    0x08000f6c   0x08000f6c   0x00000128   Code   RO         6603    i.OSTaskDel         os_task.o
    0x08001094   0x08001094   0x00000010   Code   RO         7036    i.OSTaskDelHook     os_cpu_c.o
    0x080010a4   0x080010a4   0x00000034   Code   RO         6611    i.OSTaskResume      os_task.o
    0x080010d8   0x080010d8   0x00000010   Code   RO         7037    i.OSTaskReturnHook  os_cpu_c.o
    0x080010e8   0x080010e8   0x00000128   Code   RO         6612    i.OSTaskSemPend     os_task.o
    0x08001210   0x08001210   0x00000030   Code   RO         6614    i.OSTaskSemPost     os_task.o
    0x08001240   0x08001240   0x00000094   Code   RO         6616    i.OSTaskStkChk      os_task.o
    0x080012d4   0x080012d4   0x00000170   Code   RO         7038    i.OSTaskStkInit     os_cpu_c.o
    0x08001444   0x08001444   0x00000018   Code   RO         6617    i.OSTaskSuspend     os_task.o
    0x0800145c   0x0800145c   0x00000074   Code   RO         7039    i.OSTaskSwHook      os_cpu_c.o
    0x080014d0   0x080014d0   0x0000007c   Code   RO         6821    i.OSTimeDly         os_time.o
    0x0800154c   0x0800154c   0x00000040   Code   RO         6826    i.OSTimeTick        os_time.o
    0x0800158c   0x0800158c   0x00000010   Code   RO         7040    i.OSTimeTickHook    os_cpu_c.o
    0x0800159c   0x0800159c   0x00000024   Code   RO         7041    i.OS_CPU_SysTickHandler  os_cpu_c.o
    0x080015c0   0x080015c0   0x00000028   Code   RO         7042    i.OS_CPU_SysTickInit  os_cpu_c.o
    0x080015e8   0x080015e8   0x00000002   Code   RO         6121    i.OS_Dbg_Init       os_dbg.o
    0x080015ea   0x080015ea   0x00000002   PAD
    0x080015ec   0x080015ec   0x00000018   Code   RO         6148    i.OS_FlagInit       os_flag.o
    0x08001604   0x08001604   0x00000028   Code   RO         5913    i.OS_IdleTask       os_core.o
    0x0800162c   0x0800162c   0x00000068   Code   RO         5914    i.OS_IdleTaskInit   os_core.o
    0x08001694   0x08001694   0x00000018   Code   RO         6232    i.OS_MemInit        os_mem.o
    0x080016ac   0x080016ac   0x0000006c   Code   RO         6264    i.OS_MsgPoolInit    os_msg.o
    0x08001718   0x08001718   0x00000038   Code   RO         6265    i.OS_MsgQFreeAll    os_msg.o
    0x08001750   0x08001750   0x0000000e   Code   RO         6267    i.OS_MsgQInit       os_msg.o
    0x0800175e   0x0800175e   0x00000002   PAD
    0x08001760   0x08001760   0x00000024   Code   RO         6306    i.OS_MutexDbgListAdd  os_mutex.o
    0x08001784   0x08001784   0x00000008   Code   RO         6308    i.OS_MutexGrpAdd    os_mutex.o
    0x0800178c   0x0800178c   0x00000056   Code   RO         6309    i.OS_MutexGrpPostAll  os_mutex.o
    0x080017e2   0x080017e2   0x00000022   Code   RO         6310    i.OS_MutexGrpPrioFindHighest  os_mutex.o
    0x08001804   0x08001804   0x00000016   Code   RO         6311    i.OS_MutexGrpRemove  os_mutex.o
    0x0800181a   0x0800181a   0x00000002   PAD
    0x0800181c   0x0800181c   0x00000018   Code   RO         6312    i.OS_MutexInit      os_mutex.o
    0x08001834   0x08001834   0x00000050   Code   RO         5915    i.OS_Pend           os_core.o
    0x08001884   0x08001884   0x00000028   Code   RO         5918    i.OS_PendDataInit   os_core.o
    0x080018ac   0x080018ac   0x00000054   Code   RO         5919    i.OS_PendDbgNameAdd  os_core.o
    0x08001900   0x08001900   0x00000024   Code   RO         5920    i.OS_PendDbgNameRemove  os_core.o
    0x08001924   0x08001924   0x00000030   Code   RO         5921    i.OS_PendListChangePrio  os_core.o
    0x08001954   0x08001954   0x0000000a   Code   RO         5922    i.OS_PendListInit   os_core.o
    0x0800195e   0x0800195e   0x0000005c   Code   RO         5924    i.OS_PendListInsertPrio  os_core.o
    0x080019ba   0x080019ba   0x0000002a   Code   RO         5925    i.OS_PendListRemove  os_core.o
    0x080019e4   0x080019e4   0x00000036   Code   RO         5926    i.OS_PendListRemove1  os_core.o
    0x08001a1a   0x08001a1a   0x000000b2   Code   RO         5929    i.OS_Post           os_core.o
    0x08001acc   0x08001acc   0x00000028   Code   RO         5930    i.OS_Post1          os_core.o
    0x08001af4   0x08001af4   0x00000024   Code   RO         6390    i.OS_PrioGetHighest  os_prio.o
    0x08001b18   0x08001b18   0x00000018   Code   RO         6391    i.OS_PrioInit       os_prio.o
    0x08001b30   0x08001b30   0x00000020   Code   RO         6392    i.OS_PrioInsert     os_prio.o
    0x08001b50   0x08001b50   0x00000020   Code   RO         6393    i.OS_PrioRemove     os_prio.o
    0x08001b70   0x08001b70   0x00000018   Code   RO         6436    i.OS_QInit          os_q.o
    0x08001b88   0x08001b88   0x00000024   Code   RO         5931    i.OS_RdyListInit    os_core.o
    0x08001bac   0x08001bac   0x00000030   Code   RO         5932    i.OS_RdyListInsert  os_core.o
    0x08001bdc   0x08001bdc   0x0000003c   Code   RO         5933    i.OS_RdyListInsertHead  os_core.o
    0x08001c18   0x08001c18   0x00000038   Code   RO         5934    i.OS_RdyListInsertTail  os_core.o
    0x08001c50   0x08001c50   0x00000054   Code   RO         5936    i.OS_RdyListRemove  os_core.o
    0x08001ca4   0x08001ca4   0x0000001c   Code   RO         5937    i.OS_SchedLockTimeMeasStart  os_core.o
    0x08001cc0   0x08001cc0   0x0000003c   Code   RO         5938    i.OS_SchedLockTimeMeasStop  os_core.o
    0x08001cfc   0x08001cfc   0x00000018   Code   RO         6508    i.OS_SemInit        os_sem.o
    0x08001d14   0x08001d14   0x00000208   Code   RO         6573    i.OS_StatTask       os_stat.o
    0x08001f1c   0x08001f1c   0x000000c0   Code   RO         6574    i.OS_StatTaskInit   os_stat.o
    0x08001fdc   0x08001fdc   0x00000030   Code   RO         5939    i.OS_TaskBlock      os_core.o
    0x0800200c   0x0800200c   0x000000c0   Code   RO         6618    i.OS_TaskChangePrio  os_task.o
    0x080020cc   0x080020cc   0x00000024   Code   RO         6619    i.OS_TaskDbgListAdd  os_task.o
    0x080020f0   0x080020f0   0x00000040   Code   RO         6620    i.OS_TaskDbgListRemove  os_task.o
    0x08002130   0x08002130   0x00000020   Code   RO         6621    i.OS_TaskInit       os_task.o
    0x08002150   0x08002150   0x000000a8   Code   RO         6622    i.OS_TaskInitTCB    os_task.o
    0x080021f8   0x080021f8   0x000000ba   Code   RO         6624    i.OS_TaskResume     os_task.o
    0x080022b2   0x080022b2   0x00000002   PAD
    0x080022b4   0x080022b4   0x00000018   Code   RO         6625    i.OS_TaskReturn     os_task.o
    0x080022cc   0x080022cc   0x000000b8   Code   RO         6626    i.OS_TaskSemPost    os_task.o
    0x08002384   0x08002384   0x000000c0   Code   RO         6627    i.OS_TaskSuspend    os_task.o
    0x08002444   0x08002444   0x00000078   Code   RO         6769    i.OS_TickListInsert  os_tick.o
    0x080024bc   0x080024bc   0x0000008c   Code   RO         6770    i.OS_TickListInsertDly  os_tick.o
    0x08002548   0x08002548   0x00000052   Code   RO         6771    i.OS_TickListRemove  os_tick.o
    0x0800259a   0x0800259a   0x00000002   Code   RO         6772    i.OS_TickListResetPeak  os_tick.o
    0x0800259c   0x0800259c   0x00000078   Code   RO         6773    i.OS_TickListUpdateDly  os_tick.o
    0x08002614   0x08002614   0x000000e4   Code   RO         6774    i.OS_TickListUpdateTimeout  os_tick.o
    0x080026f8   0x080026f8   0x00000048   Code   RO         6775    i.OS_TickTask       os_tick.o
    0x08002740   0x08002740   0x000000b8   Code   RO         6776    i.OS_TickTaskInit   os_tick.o
    0x080027f8   0x080027f8   0x00000120   Code   RO         6872    i.OS_TmrInit        os_tmr.o
    0x08002918   0x08002918   0x00000018   Code   RO         6873    i.OS_TmrLock        os_tmr.o
    0x08002930   0x08002930   0x00000002   Code   RO         6874    i.OS_TmrResetPeak   os_tmr.o
    0x08002932   0x08002932   0x00000002   PAD
    0x08002934   0x08002934   0x0000008c   Code   RO         6875    i.OS_TmrTask        os_tmr.o
    0x080029c0   0x080029c0   0x0000003c   Code   RO         6876    i.OS_TmrUnlink      os_tmr.o
    0x080029fc   0x080029fc   0x00000014   Code   RO         6877    i.OS_TmrUnlock      os_tmr.o
    0x08002a10   0x08002a10   0x0000001c   Code   RO         2561    i.RCC_AHB1PeriphClockCmd  stm32f4xx_rcc.o
    0x08002a2c   0x08002a2c   0x000000a4   Code   RO         2582    i.RCC_GetClocksFreq  stm32f4xx_rcc.o
    0x08002ad0   0x08002ad0   0x00000002   Code   RO         4771    i.SVC_Handler       stm32f4xx_it.o
    0x08002ad2   0x08002ad2   0x00000002   PAD
    0x08002ad4   0x08002ad4   0x000000b8   Code   RO           13    i.SetSysClock       system_stm32f4xx.o
    0x08002b8c   0x08002b8c   0x0000005c   Code   RO           15    i.SystemInit        system_stm32f4xx.o
    0x08002be8   0x08002be8   0x0000002c   Code   RO         4773    i.USART1_IRQHandler  stm32f4xx_it.o
    0x08002c14   0x08002c14   0x00000040   Code   RO         4515    i.USART_GetITStatus  stm32f4xx_usart.o
    0x08002c54   0x08002c54   0x00000008   Code   RO         4525    i.USART_ReceiveData  stm32f4xx_usart.o
    0x08002c5c   0x08002c5c   0x00000008   Code   RO         4528    i.USART_SendData    stm32f4xx_usart.o
    0x08002c64   0x08002c64   0x00000002   Code   RO         4774    i.UsageFault_Handler  stm32f4xx_it.o
    0x08002c66   0x08002c66   0x0000000e   Code   RO         7531    i.__scatterload_copy  mc_w.l(handlers.o)
    0x08002c74   0x08002c74   0x00000002   Code   RO         7532    i.__scatterload_null  mc_w.l(handlers.o)
    0x08002c76   0x08002c76   0x0000000e   Code   RO         7533    i.__scatterload_zeroinit  mc_w.l(handlers.o)
    0x08002c84   0x08002c84   0x00000060   Code   RO         4854    i.main              app.o
    0x08002ce4   0x08002ce4   0x00000004   Data   RO         5848    .constdata          os_cfg_app.o
    0x08002ce8   0x08002ce8   0x00000004   Data   RO         5849    .constdata          os_cfg_app.o
    0x08002cec   0x08002cec   0x00000004   Data   RO         5850    .constdata          os_cfg_app.o
    0x08002cf0   0x08002cf0   0x00000004   Data   RO         5859    .constdata          os_cfg_app.o
    0x08002cf4   0x08002cf4   0x00000004   Data   RO         5860    .constdata          os_cfg_app.o
    0x08002cf8   0x08002cf8   0x00000002   Data   RO         5862    .constdata          os_cfg_app.o
    0x08002cfa   0x08002cfa   0x00000002   PAD
    0x08002cfc   0x08002cfc   0x00000004   Data   RO         5864    .constdata          os_cfg_app.o
    0x08002d00   0x08002d00   0x00000001   Data   RO         5865    .constdata          os_cfg_app.o
    0x08002d01   0x08002d01   0x00000003   PAD
    0x08002d04   0x08002d04   0x00000004   Data   RO         5866    .constdata          os_cfg_app.o
    0x08002d08   0x08002d08   0x00000004   Data   RO         5867    .constdata          os_cfg_app.o
    0x08002d0c   0x08002d0c   0x00000004   Data   RO         5868    .constdata          os_cfg_app.o
    0x08002d10   0x08002d10   0x00000004   Data   RO         5869    .constdata          os_cfg_app.o
    0x08002d14   0x08002d14   0x00000004   Data   RO         5871    .constdata          os_cfg_app.o
    0x08002d18   0x08002d18   0x00000004   Data   RO         5872    .constdata          os_cfg_app.o
    0x08002d1c   0x08002d1c   0x00000001   Data   RO         5873    .constdata          os_cfg_app.o
    0x08002d1d   0x08002d1d   0x00000003   PAD
    0x08002d20   0x08002d20   0x00000004   Data   RO         5874    .constdata          os_cfg_app.o
    0x08002d24   0x08002d24   0x00000004   Data   RO         5875    .constdata          os_cfg_app.o
    0x08002d28   0x08002d28   0x00000004   Data   RO         5876    .constdata          os_cfg_app.o
    0x08002d2c   0x08002d2c   0x00000001   Data   RO         5878    .constdata          os_cfg_app.o
    0x08002d2d   0x08002d2d   0x00000003   PAD
    0x08002d30   0x08002d30   0x00000004   Data   RO         5879    .constdata          os_cfg_app.o
    0x08002d34   0x08002d34   0x00000004   Data   RO         5880    .constdata          os_cfg_app.o
    0x08002d38   0x08002d38   0x00000004   Data   RO         5881    .constdata          os_cfg_app.o
    0x08002d3c   0x08002d3c   0x00000004   Data   RO         5882    .constdata          os_cfg_app.o
    0x08002d40   0x08002d40   0x00000020   Data   RO         7529    Region$$Table       anon$$obj.o


    Execution Region RW_IRAM2 (Exec base: 0x10000000, Load base: 0x08002e44, Size: 0x00000000, Max: 0x00010000, ABSOLUTE)

    **** No section assigned to this execution region ****


    Execution Region RW_IRAM1 (Exec base: 0x20000000, Load base: 0x08002d60, Size: 0x00002788, Max: 0x00020000, ABSOLUTE)

    Exec Addr    Load Addr    Size         Type   Attr      Idx    E Section Name        Object

    0x20000000   0x08002d60   0x00000010   Data   RW         2614    .data               stm32f4xx_rcc.o
    0x20000010   0x08002d70   0x00000004   Data   RW         5199    .data               cpu_core.o
    0x20000014   0x08002d74   0x00000004   Data   RW         5535    .data               lib_mem.o
    0x20000018   0x08002d78   0x00000008   Data   RW         6394    .data               os_prio.o
    0x20000020   0x08002d80   0x00000004   Data   RW         6964    .data               os_var.o
    0x20000024   0x08002d84   0x00000004   Data   RW         6965    .data               os_var.o
    0x20000028   0x08002d88   0x00000004   Data   RW         6966    .data               os_var.o
    0x2000002c   0x08002d8c   0x00000004   Data   RW         6967    .data               os_var.o
    0x20000030   0x08002d90   0x00000004   Data   RW         6968    .data               os_var.o
    0x20000034   0x08002d94   0x00000004   Data   RW         6969    .data               os_var.o
    0x20000038   0x08002d98   0x00000004   Data   RW         6970    .data               os_var.o
    0x2000003c   0x08002d9c   0x00000004   Data   RW         6971    .data               os_var.o
    0x20000040   0x08002da0   0x00000001   Data   RW         6972    .data               os_var.o
    0x20000041   0x08002da1   0x00000001   Data   RW         6973    .data               os_var.o
    0x20000042   0x08002da2   0x00000002   PAD
    0x20000044   0x08002da4   0x00000004   Data   RW         6974    .data               os_var.o
    0x20000048   0x08002da8   0x00000002   Data   RW         6975    .data               os_var.o
    0x2000004a   0x08002daa   0x00000002   PAD
    0x2000004c   0x08002dac   0x00000004   Data   RW         6976    .data               os_var.o
    0x20000050   0x08002db0   0x00000002   Data   RW         6977    .data               os_var.o
    0x20000052   0x08002db2   0x00000002   PAD
    0x20000054   0x08002db4   0x00000004   Data   RW         6978    .data               os_var.o
    0x20000058   0x08002db8   0x00000002   Data   RW         6979    .data               os_var.o
    0x2000005a   0x08002dba   0x00000001   Data   RW         6980    .data               os_var.o
    0x2000005b   0x08002dbb   0x00000001   Data   RW         6981    .data               os_var.o
    0x2000005c   0x08002dbc   0x00000001   Data   RW         6982    .data               os_var.o
    0x2000005d   0x08002dbd   0x00000003   PAD
    0x20000060   0x08002dc0   0x00000004   Data   RW         6983    .data               os_var.o
    0x20000064   0x08002dc4   0x00000002   Data   RW         6984    .data               os_var.o
    0x20000066   0x08002dc6   0x00000002   PAD
    0x20000068   0x08002dc8   0x00000004   Data   RW         6985    .data               os_var.o
    0x2000006c   0x08002dcc   0x00000004   Data   RW         6986    .data               os_var.o
    0x20000070   0x08002dd0   0x00000004   Data   RW         6987    .data               os_var.o
    0x20000074   0x08002dd4   0x00000001   Data   RW         6988    .data               os_var.o
    0x20000075   0x08002dd5   0x00000003   PAD
    0x20000078   0x08002dd8   0x00000004   Data   RW         6989    .data               os_var.o
    0x2000007c   0x08002ddc   0x00000002   Data   RW         6990    .data               os_var.o
    0x2000007e   0x08002dde   0x00000001   Data   RW         6991    .data               os_var.o
    0x2000007f   0x08002ddf   0x00000001   PAD
    0x20000080   0x08002de0   0x00000002   Data   RW         6992    .data               os_var.o
    0x20000082   0x08002de2   0x00000002   Data   RW         6993    .data               os_var.o
    0x20000084   0x08002de4   0x00000004   Data   RW         6994    .data               os_var.o
    0x20000088   0x08002de8   0x00000004   Data   RW         6995    .data               os_var.o
    0x2000008c   0x08002dec   0x00000004   Data   RW         6996    .data               os_var.o
    0x20000090   0x08002df0   0x00000001   Data   RW         6997    .data               os_var.o
    0x20000091   0x08002df1   0x00000003   PAD
    0x20000094   0x08002df4   0x00000004   Data   RW         6998    .data               os_var.o
    0x20000098   0x08002df8   0x00000004   Data   RW         6999    .data               os_var.o
    0x2000009c   0x08002dfc   0x00000004   Data   RW         7000    .data               os_var.o
    0x200000a0   0x08002e00   0x00000002   Data   RW         7001    .data               os_var.o
    0x200000a2   0x08002e02   0x00000001   Data   RW         7002    .data               os_var.o
    0x200000a3   0x08002e03   0x00000001   PAD
    0x200000a4   0x08002e04   0x00000004   Data   RW         7003    .data               os_var.o
    0x200000a8   0x08002e08   0x00000004   Data   RW         7004    .data               os_var.o
    0x200000ac   0x08002e0c   0x00000008   Data   RW         7005    .data               os_var.o
    0x200000b4   0x08002e14   0x00000008   Data   RW         7006    .data               os_var.o
    0x200000bc   0x08002e1c   0x00000004   Data   RW         7007    .data               os_var.o
    0x200000c0   0x08002e20   0x00000002   Data   RW         7008    .data               os_var.o
    0x200000c2   0x08002e22   0x00000002   PAD
    0x200000c4   0x08002e24   0x00000004   Data   RW         7009    .data               os_var.o
    0x200000c8   0x08002e28   0x00000004   Data   RW         7011    .data               os_var.o
    0x200000cc   0x08002e2c   0x00000004   Data   RW         7012    .data               os_var.o
    0x200000d0   0x08002e30   0x00000004   Data   RW         7013    .data               os_var.o
    0x200000d4   0x08002e34   0x00000004   Data   RW         7014    .data               os_var.o
    0x200000d8   0x08002e38   0x00000004   Data   RW         7015    .data               os_var.o
    0x200000dc   0x08002e3c   0x00000004   Data   RW         7016    .data               os_var.o
    0x200000e0   0x08002e40   0x00000004   Data   RW         7043    .data               os_cpu_c.o
    0x200000e4        -       0x000002c0   Zero   RW         4855    .bss                app.o
    0x200003a4        -       0x00000010   Zero   RW         5196    .bss                cpu_core.o
    0x200003b4        -       0x00000c14   Zero   RW         5534    .bss                lib_mem.o
    0x20000fc8        -       0x00000100   Zero   RW         5842    .bss                os_cfg_app.o
    0x200010c8        -       0x00000190   Zero   RW         5843    .bss                os_cfg_app.o
    0x20001258        -       0x00000640   Zero   RW         5844    .bss                os_cfg_app.o
    0x20001898        -       0x00000190   Zero   RW         5845    .bss                os_cfg_app.o
    0x20001a28        -       0x00000190   Zero   RW         5846    .bss                os_cfg_app.o
    0x20001bb8        -       0x00000190   Zero   RW         5847    .bss                os_cfg_app.o
    0x20001d48        -       0x000000c0   Zero   RW         6957    .bss                os_var.o
    0x20001e08        -       0x0000000c   Zero   RW         6958    .bss                os_var.o
    0x20001e14        -       0x00000300   Zero   RW         6959    .bss                os_var.o
    0x20002114        -       0x000000c0   Zero   RW         6960    .bss                os_var.o
    0x200021d4        -       0x000000c0   Zero   RW         6961    .bss                os_var.o
    0x20002294        -       0x00000030   Zero   RW         6962    .bss                os_var.o
    0x200022c4        -       0x000000c0   Zero   RW         6963    .bss                os_var.o
    0x20002384   0x08002e44   0x00000004   PAD
    0x20002388        -       0x00000400   Zero   RW            1    STACK               startup_stm32f40xx.o


==============================================================================

Image component sizes


      Code (inc. data)   RO Data    RW Data    ZI Data      Debug   Object Name

       160         32          0          0        704      29206   app.o
        80         16          0          0          0       2133   bsp.o
        52          0          0          0          0        348   cpu_a.o
         0          0          0          0          0       7800   cpu_c.o
        80         18          0          4         16       5148   cpu_core.o
        72          8          0          0          0       1116   led.o
       218         22          0          4       3092      15365   lib_mem.o
         0          0          0          0          0      38367   os_app_hooks.o
         2          0         81          0       3456      19323   os_cfg_app.o
      2168        340          0          0          0      20041   os_core.o
       268         14          0          0          0        436   os_cpu_a.o
       692        174          0          4          0      27087   os_cpu_c.o
         2          0          0          0          0        962   os_dbg.o
        24         10          0          0          0        930   os_flag.o
        24         10          0          0          0        929   os_mem.o
       178         18          0          0          0       2528   os_msg.o
       962         54          0          0          0       7879   os_mutex.o
       124         18          0          8          0       3102   os_prio.o
        24         10          0          0          0        927   os_q.o
        24         10          0          0          0        921   os_sem.o
      1068        192          0          0          0       4455   os_stat.o
      2286        166          0          0          0      14957   os_task.o
       948         92          0          0          0       6946   os_tick.o
       188         26          0          0          0       1817   os_time.o
       534        140          0          0          0       4363   os_tmr.o
         0          0          0        171       1596      17900   os_var.o
        76         16        392          0       1024       1008   startup_stm32f40xx.o
       136          0          0          0          0       2609   stm32f4xx_gpio.o
        58          6          0          0          0       4067   stm32f4xx_it.o
       192         22          0         16          0       4005   stm32f4xx_rcc.o
        80          0          0          0          0       3073   stm32f4xx_usart.o
       276         34          0          0          0     272161   system_stm32f4xx.o

    ----------------------------------------------------------------------
     11014       1448        516        228       9892     521909   Object Totals
         0          0         32          0          0          0   (incl. Generated)
        18          0         11         21          4          0   (incl. Padding)

    ----------------------------------------------------------------------

      Code (inc. data)   RO Data    RW Data    ZI Data      Debug   Library Member Name

         0          0          0          0          0          0   entry.o
         0          0          0          0          0          0   entry10a.o
         0          0          0          0          0          0   entry11a.o
         8          4          0          0          0          0   entry2.o
         4          0          0          0          0          0   entry5.o
         0          0          0          0          0          0   entry7b.o
         0          0          0          0          0          0   entry8b.o
         8          4          0          0          0          0   entry9a.o
        30          0          0          0          0          0   handlers.o
        36          8          0          0          0         68   init.o

    ----------------------------------------------------------------------
        86         16          0          0          0         68   Library Totals
         0          0          0          0          0          0   (incl. Padding)

    ----------------------------------------------------------------------

      Code (inc. data)   RO Data    RW Data    ZI Data      Debug   Library Name

        86         16          0          0          0         68   mc_w.l

    ----------------------------------------------------------------------
        86         16          0          0          0         68   Library Totals

    ----------------------------------------------------------------------

==============================================================================


      Code (inc. data)   RO Data    RW Data    ZI Data      Debug   

     11100       1464        516        228       9892     509481   Grand Totals
     11100       1464        516        228       9892     509481   ELF Image Totals
     11100       1464        516        228          0          0   ROM Totals

==============================================================================

    Total RO  Size (Code + RO Data)                11616 (  11.34kB)
    Total RW  Size (RW Data + ZI Data)             10120 (   9.88kB)
    Total ROM Size (Code + RO Data + RW Data)      11844 (  11.57kB)

==============================================================================

